<html>
<body>
<pre>
<h1>µVision Build Log</h1>
<h2>Project:</h2>
C:\Users\Dhruv Sandesara\Desktop\ee445l\ValvanoWareTM4C123\ValvanoWareTM4C123\SysTick_4C123\SysTick.uvproj
Project File Date:  01/21/2018

<h2>Output:</h2>
  
Warning: *** SUPPORT EXPIRED, NEW PRODUCT SERIAL NUMBER REQUIRED ***
         *** Running with Code Size Limit: 32K                   ***
Rebuild target 'SysTick'
assembling startup.s...
compiling SysTick.c...
compiling SysTickTestMain.c...
compiling PLL.c...
linking...
Program Size: Code=1276 RO-data=16 RW-data=0 ZI-data=1120  
".\SysTick.axf" - 0 Error(s), 0 Warning(s).
</pre>
</body>
</html>
