<html>
<body>
<pre>
<h1>µVision Build Log</h1>
<h2>Project:</h2>
C:\Users\Dhruv Sandesara\Desktop\ValvanoWareTM4C123\ValvanoWareTM4C123\PeriodMeasure_4C123\PeriodMeasure.uvproj
Project File Date:  04/16/2018

<h2>Output:</h2>
Rebuild target 'PeriodMeasure'
assembling startup.s...
compiling PeriodMeasure.c...
compiling PLL.c...
linking...
Program Size: Code=1616 RO-data=32 RW-data=12 ZI-data=1124  
".\PeriodMeasure.axf" - 0 Error(s), 0 Warning(s).
Load "C:\\Users\\Dhruv Sandesara\\Desktop\\ValvanoWareTM4C123\\ValvanoWareTM4C123\\PeriodMeasure_4C123\\PeriodMeasure.axf" 
Connecting: Mode=JTAG, Speed=1000000Hz
Erase Done.
Programming Done.
Verify OK.
</pre>
</body>
</html>
