<html>
<body>
<pre>
<h1>µVision Build Log</h1>
<h2>Project:</h2>
C:\Users\Dhruv Sandesara\Desktop\ee445l\ValvanoWareTM4C123\ValvanoWareTM4C123\ADCSWTrigger_4C123\ADCSWTrigger.uvproj
Project File Date:  01/21/2018

<h2>Output:</h2>
Rebuild target 'ADCSWTrigger'
assembling startup.s...
compiling ADCSWTrigger.c...
compiling ADCTestMain.c...
compiling PLL.c...
linking...
Program Size: Code=1680 RO-data=32 RW-data=4 ZI-data=1124  
".\ADCSWTrigger.axf" - 0 Error(s), 0 Warning(s).
Load "C:\\Users\\Dhruv Sandesara\\Desktop\\ee445l\\ValvanoWareTM4C123\\ValvanoWareTM4C123\\ADCSWTrigger_4C123\\ADCSWTrigger.axf" 
Connecting: Mode=JTAG, Speed=1000000Hz
Erase Done.
Programming Done.
Verify OK.
</pre>
</body>
</html>
rget DLL has been cancelled
Load "C:\\Users\\Dhruv Sandesara\\Desktop\\ee445l\\ValvanoWareTM4C123\\ValvanoWareTM4C123\\ADCSWTrigger_4C123\\ADCSWTrigger.axf" 
Connecting: Mode=JTAG, Speed=1000000Hz
Erase Done.
Programming Done.
Verify OK.
