<html>
<body>
<pre>
<h1>µVision Build Log</h1>
<h2>Project:</h2>
C:\Users\Dhruv Sandesara\Desktop\ValvanoWareTM4C123\ValvanoWareTM4C123\Kentec_4C123\LCDTest.uvproj
Project File Date:  02/14/2018

<h2>Output:</h2>
Rebuild target 'LCDTest'
assembling startup.s...
compiling PLL.c...
compiling SSD2119.c...
assembling random.s...
compiling LCDTestMain.c...
linking...
Program Size: Code=4320 RO-data=880 RW-data=44 ZI-data=1028  
".\LCDTest.axf" - 0 Error(s), 0 Warning(s).
Load "C:\\Users\\Dhruv Sandesara\\Desktop\\ValvanoWareTM4C123\\ValvanoWareTM4C123\\Kentec_4C123\\LCDTest.axf" 
Connecting: Mode=JTAG, Speed=1000000Hz
Erase Done.
Programming Done.
Verify OK.
</pre>
</body>
</html>
(s).
Target not created
rror:  #20: identifier "uint32_t" is undefined
      GPIO_PORTB_DEN_R   |= 0xFF;           // enable digital I/O on PB0-7
SSD2119.c(189): error:  #20: identifier "uint32_t" is undefined
      GPIO_PORTB_DR8R_R = 0xff;
SSD2119.c(191): error:  #20: identifier "uint32_t" is undefined
      SYSCTL_RCGC2_R |= SYSCTL_RCGC2_GPIOA; // activate port A
SSD2119.c(194): error:  #20: identifier "uint32_t" is undefined
      GPIO_PORTA_DIR_R   |= 0xF0;           // make PA4-7 outputs
SSD2119.c(195): error:  #20: identifier "uint32_t" is undefined
      GPIO_PORTA_AFSEL_R &= ~0xF0;          // disable alternate functions 
SSD2119.c(196): error:  #20: identifier "uint32_t" is undefined
      GPIO_PORTA_DEN_R   |= 0xF0;           // enable digital I/O on PA4-7
SSD2119.c(197): error:  #20: identifier "uint32_t" is undefined
      GPIO_PORTA_DR8R_R = 0xff;
SSD2119.c(198): error:  #20: identifier "uint32_t" is undefined
      GPIO_PORTA_PCTL_R &= 0xFF;
SSD2119.c(1021): error:  #20: identifier "uint32_t" is undefined
      SYSCTL_RCGC2_R |= SYSCTL_RCGC2_GPIOA;
SSD2119.c(1026): error:  #20: identifier "uint32_t" is undefined
      GPIO_PORTA_DIR_R    |=  0x0C;
SSD2119.c(1035): error:  #20: identifier "uint32_t" is undefined
      SYSCTL_RCGC2_R |= SYSCTL_RCGC2_GPIOE;
SSD2119.c(1040): error:  #20: identifier "uint32_t" is undefined
      GPIO_PORTE_DIR_R    |=  0x30;
SSD2119.c(1060): error:  #20: identifier "uint32_t" is undefined
      SYSCTL_RCGCADC_R    |=  0x01;
SSD2119.c(1063): error:  #20: identifier "uint32_t" is undefined
      SYSCTL_RCGCGPIO_R |= 0x10;
SSD2119.c(1066): error:  #20: identifier "uint32_t" is undefined
      ADC0_PC_R = 0x01;
SSD2119.c(1069): error:  #20: identifier "uint32_t" is undefined
      ADC0_ACTSS_R &= ~0x000F;
SSD2119.c(1072): error:  #20: identifier "uint32_t" is undefined
      ADC0_SSPRI_R = 0x0123;    
SSD2119.c(1075): error:  #20: identifier "uint32_t" is undefined
      ADC0_EMUX_R &= ~0xF000;
SSD2119.c(1078): error:  #20: identifier "uint32_t" is undefined
      ADC0_SSMUX3_R &= 0xFFF0;    
SSD2119.c(1079): error:  #20: identifier "uint32_t" is undefined
      ADC0_SSMUX3_R += 9;
SSD2119.c(1082): error:  #20: identifier "uint32_t" is undefined
      ADC0_SSCTL3_R = 0x006;
SSD2119.c(1085): error:  #20: identifier "uint32_t" is undefined
      ADC0_IM_R &= ~0x0008;
SSD2119.c(1088): error:  #20: identifier "uint32_t" is undefined
      ADC0_ACTSS_R |= 0x0008;
SSD2119.c(1101): error:  #20: identifier "uint32_t" is undefined
      ADC0_PSSI_R = 0x008; 
SSD2119.c(1104): error:  #20: identifier "uint32_t" is undefined
      while((ADC0_RIS_R&0x08)==0){};
SSD2119.c(1107): error:  #20: identifier "uint32_t" is undefined
      result = ADC0_SSFIFO3_R&0xFFF;
SSD2119.c(1110): error:  #20: identifier "uint32_t" is undefined
      ADC0_ISC_R = 0x0008;
SSD2119.c: 0 warnings, 30 errors
assembling random.s...
compiling LCDTestMain.c...
PLL.h(30): error:  #20: identifier "uint32_t" is undefined
  void PLL_Init(uint32_t freq);
LCDTestMain.c: 0 warnings, 1 error
".\LCDTest.axf" - 31 Error(s), 0 Warning(s).
Target not created
