<html>
<body>
<pre>
<h1>µVision Build Log</h1>
<h2>Project:</h2>
C:\Users\Dhruv Sandesara\Desktop\ValvanoWareTM4C123\ValvanoWareTM4C123\CC3100GetWeather_4C123\getWeather.uvproj
Project File Date:  02/19/2018

<h2>Output:</h2>
Build target 'getWeather'
compiling main.c...
main.c(163): warning:  #177-D: variable "String_Array" was declared but never referenced
        char String_Array[10]={0};
main.c(524): warning:  #223-D: function "atoi" declared implicitly
                                const time_t current_time=(time_t)atoi(timestamp);
main.c: 2 warnings, 0 errors
linking...
Program Size: Code=17316 RO-data=4164 RW-data=612 ZI-data=19580  
After Build - User command #1: fromelf --bin --output .\rvmdk\cc31000_starter.bin .\rvmdk\cc31000_starter.axf
".\rvmdk\getWeather.axf" - 0 Error(s), 2 Warning(s).
Load "C:\\Users\\Dhruv Sandesara\\Desktop\\ValvanoWareTM4C123\\ValvanoWareTM4C123\\CC3100GetWeather_4C123\\rvmdk\\getWeather.axf" 
Connecting: Mode=JTAG, Speed=1000000Hz
Erase Done.
Programming Done.
Verify OK.
</pre>
</body>
</html>
rget DLL has been cancelled
