<html>
<body>
<pre>
<h1>µVision Build Log</h1>
<h2>Project:</h2>
C:\Users\Dhruv Sandesara\Desktop\college\sem4\ee445l\labs\LAB11_UPDATED (2)\LAB11_UPDATED\EdgeInterrupt.uvproj
Project File Date:  04/30/2018

<h2>Output:</h2>
Rebuild target 'EdgeInterrupt'
assembling startup.s...
compiling EdgeInterrupt.c...
EdgeInterrupt.c(172): warning:  #177-D: variable "delay" was declared but never referenced
        int delay;
EdgeInterrupt.c: 1 warning, 0 errors
compiling ISR.c...
ISR.h(9): warning:  #1-D: last line of file ends without a newline
  #endif
ISR.c(81): warning:  #1-D: last line of file ends without a newline
  }
ISR.c(27): warning:  #550-D: variable "buffer_ready" was set but never used
        int buffer_ready = 0;
ISR.c: 3 warnings, 0 errors
compiling coeff.c...
compiling PLL.c...
compiling ECG.c...
ECG.c(72): warning:  #550-D: variable "port_data" was set but never used
        int port_data = 0;
ECG.c(73): warning:  #177-D: variable "i" was declared but never referenced
        int i = 0;
ECG.c(74): warning:  #177-D: variable "new_data_copy" was declared but never referenced
        int new_data_copy = 0;
ECG.c(75): warning:  #550-D: variable "ADCvalue" was set but never used
        uint32_t ADCvalue;
ECG.c(118): warning:  #177-D: variable "times_decreased" was declared but never referenced
                                int times_decreased=0; // will count the time the value decreased
ECG.c(120): warning:  #177-D: variable "samples_to_deacrease" was declared but never referenced
                                uint32_t samples_to_deacrease=4;// how many samles should deacrease
ECG.c(122): warning:  #177-D: variable "first_value_captured" was declared but never referenced
                                int first_value_captured=0;// this will be what the last value is compared against
ECG.c(315): warning:  #1-D: last line of file ends without a newline
  }
ECG.c: 8 warnings, 0 errors
compiling application_commands.c...
compiling ACCEL.c...
ACCEL.c(19): warning:  #1-D: last line of file ends without a newline
  }
ACCEL.c: 1 warning, 0 errors
compiling Buttons.c...
Buttons.c(139): warning:  #177-D: variable "rise" was declared but never referenced
                                        int rise;
Buttons.c(140): warning:  #177-D: variable "run" was declared but never referenced
                                        int run;
Buttons.c: 2 warnings, 0 errors
compiling SSD2119.c...
compiling ADCT0ATrigger.c...
linking...
Program Size: Code=4708 RO-data=572 RW-data=92 ZI-data=1164  
".\EdgeInterrupt.axf" - 0 Error(s), 15 Warning(s).
Load "C:\\Users\\Dhruv Sandesara\\Desktop\\college\\sem4\\ee445l\\labs\\LAB11_UPDATED (2)\\LAB11_UPDATED\\EdgeInterrupt.axf" 
Connecting: Mode=JTAG, Speed=1000000Hz
Erase Done.
Programming Done.
Verify OK.
</pre>
</body>
</html>
rget DLL has been cancelled
Load "C:\\Users\\Dhruv Sandesara\\Desktop\\college\\sem4\\ee445l\\labs\\LAB11_UPDATED (2)\\LAB11_UPDATED\\EdgeInterrupt.axf" 
Connecting: Mode=JTAG, Speed=1000000Hz
Erase Done.
Programming Done.
Verify OK.
