ARM Linker, 5.03 [Build 76] [MDK-ARM Professional]

==============================================================================

Section Cross References

    startup.o(STACK) refers (Special) to heapauxi.o(.text) for __use_two_region_memory
    startup.o(HEAP) refers (Special) to heapauxi.o(.text) for __use_two_region_memory
    startup.o(RESET) refers (Special) to heapauxi.o(.text) for __use_two_region_memory
    startup.o(RESET) refers to startup.o(STACK) for StackMem
    startup.o(RESET) refers to ssd2119.o(i.GPIOPortA_Handler) for GPIOPortA_Handler
    startup.o(RESET) refers to adct0atrigger.o(i.ADC0Seq3_Handler) for ADC0Seq3_Handler
    startup.o(RESET) refers to edgeinterrupt.o(i.Timer0A_Handler) for Timer0A_Handler
    startup.o(RESET) refers to edgeinterrupt.o(i.GPIOPortF_Handler) for GPIOPortF_Handler
    startup.o(RESET) refers to __main.o(!!!main) for __main
    startup.o(.text) refers (Special) to heapauxi.o(.text) for __use_two_region_memory
    startup.o(.text) refers to startup.o(HEAP) for HeapMem
    startup.o(.text) refers to startup.o(STACK) for StackMem
    edgeinterrupt.o(i.EdgeCounter_Init) refers to startup.o(.text) for EnableInterrupts
    edgeinterrupt.o(i.EdgeCounter_Init) refers to edgeinterrupt.o(.data) for FallingEdges
    edgeinterrupt.o(i.GPIOPortF_Handler) refers to edgeinterrupt.o(.data) for FallingEdges
    edgeinterrupt.o(i.Timer0A_Handler) refers to edgeinterrupt.o(.data) for milliseconds
    edgeinterrupt.o(i.Timer0A_Init100HzInt) refers to startup.o(.text) for DisableInterrupts
    edgeinterrupt.o(i.main) refers to pll.o(i.PLL_Init) for PLL_Init
    edgeinterrupt.o(i.main) refers to startup.o(.text) for DisableInterrupts
    edgeinterrupt.o(i.main) refers to ssd2119.o(i.LCD_Init) for LCD_Init
    edgeinterrupt.o(i.main) refers to ecg.o(i.ECG_Init) for ECG_Init
    edgeinterrupt.o(i.main) refers to ecg.o(i.ECG_Display_Data) for ECG_Display_Data
    isr.o(i.ProcessBuffer) refers to fflt_clz.o(x$fpl$fflt) for __aeabi_i2f
    isr.o(i.ProcessBuffer) refers to fmul.o(x$fpl$fmul) for __aeabi_fmul
    isr.o(i.ProcessBuffer) refers to faddsub_clz.o(x$fpl$fadd) for __aeabi_fadd
    isr.o(i.ProcessBuffer) refers to isr.o(.bss) for buffer
    isr.o(i.ProcessBuffer) refers to coeff.o(.data) for B
    ecg.o(i.ADC0Seq3_Handler_temp) refers to ecg.o(.bss) for Buffer
    ecg.o(i.ADC0Seq3_Handler_temp) refers to ecg.o(.data) for input_indexer
    ecg.o(i.ECG_Display_Data) refers to buttons.o(i.Buttons_Init) for Buttons_Init
    ecg.o(i.ECG_Display_Data) refers to ssd2119.o(i.LCD_ColorFill) for LCD_ColorFill
    ecg.o(i.ECG_Display_Data) refers to adct0atrigger.o(i.fifo_pop) for fifo_pop
    ecg.o(i.ECG_Display_Data) refers to buttons.o(i.Board_Input) for Board_Input
    ecg.o(i.ECG_Display_Data) refers to ssd2119.o(i.LCD_SetCursor) for LCD_SetCursor
    ecg.o(i.ECG_Display_Data) refers to ssd2119.o(i.LCD_PrintInteger) for LCD_PrintInteger
    ecg.o(i.ECG_Display_Data) refers to ssd2119.o(i.LCD_PrintString) for LCD_PrintString
    ecg.o(i.ECG_Display_Data) refers to ssd2119.o(i.LCD_DrawPixel) for LCD_DrawPixel
    ecg.o(i.ECG_Display_Data) refers to ssd2119.o(i.LCD_DrawLine) for LCD_DrawLine
    ecg.o(i.ECG_GET_BPM) refers to ecg.o(.data) for local_maximmum_current
    ecg.o(i.ECG_Get_Data) refers to ecg.o(i.ECG_Display_Data) for ECG_Display_Data
    ecg.o(i.ECG_Get_Data) refers to ecg.o(.data) for new_data
    ecg.o(i.ECG_Get_Data) refers to ecg.o(.bss) for Buffer
    ecg.o(i.ECG_Init) refers to adct0atrigger.o(i.ADC0_InitTimer0ATriggerSeq3) for ADC0_InitTimer0ATriggerSeq3
    buttons.o(i.Buttons_10ms_Handler) refers to buttons.o(i.Buttons_ReadInput) for Buttons_ReadInput
    buttons.o(i.Buttons_10ms_Handler) refers to buttons.o(i.Buttons_Pressed) for Buttons_Pressed
    buttons.o(i.Buttons_10ms_Handler) refers to buttons.o(.data) for debounce
    buttons.o(i.Buttons_Init) refers to buttons.o(.data) for previous_press
    buttons.o(i.Buttons_ReadInput) refers to buttons.o(.data) for debounce
    buttons.o(i.Pause) refers to buttons.o(i.Board_Input) for Board_Input
    buttons.o(i.Pause) refers to buttons.o(i.delay) for delay
    buttons.o(i.Pause) refers to buttons.o(.data) for previous_press
    buttons.o(i.Rewind) refers to buttons.o(i.Pause) for Pause
    buttons.o(i.ST7735_DrawCue) refers to ffixu.o(x$fpl$ffixu) for __aeabi_f2uiz
    buttons.o(i.ST7735_DrawCue) refers to ssd2119.o(i.LCD_DrawPixel) for LCD_DrawPixel
    buttons.o(i.ST7735_DrawCue) refers to fleqf.o(x$fpl$fleqf) for __aeabi_cfcmple
    buttons.o(i.ST7735_DrawCue) refers to faddsub_clz.o(x$fpl$fadd) for __aeabi_fadd
    buttons.o(i.ST7735_DrawCue) refers to frleqf.o(x$fpl$frleqf) for __aeabi_cfrcmple
    buttons.o(i.ST7735_DrawCue) refers to faddsub_clz.o(x$fpl$fsub) for __aeabi_fsub
    buttons.o(i.ST7735_DrawCue) refers to feqf.o(x$fpl$feqf) for __aeabi_cfcmpeq
    buttons.o(i.ST7735_DrawCue) refers to faddsub_clz.o(x$fpl$frsb) for __aeabi_frsub
    buttons.o(i.ST7735_DrawCue) refers to fdiv.o(x$fpl$fdiv) for __aeabi_fdiv
    buttons.o(i.ST7735_Line) refers to fflt_clz.o(x$fpl$ffltu) for __aeabi_ui2f
    buttons.o(i.ST7735_Line) refers to buttons.o(i.ST7735_DrawCue) for ST7735_DrawCue
    buttons.o(i.Zoom) refers to ssd2119.o(i.LCD_ColorFill) for LCD_ColorFill
    buttons.o(i.Zoom) refers to buttons.o(i.findLargest) for findLargest
    buttons.o(i.Zoom) refers to buttons.o(i.findSmallest) for findSmallest
    buttons.o(i.Zoom) refers to ssd2119.o(i.LCD_SetCursor) for LCD_SetCursor
    buttons.o(i.Zoom) refers to ssd2119.o(i.LCD_PrintInteger) for LCD_PrintInteger
    buttons.o(i.Zoom) refers to ssd2119.o(i.LCD_PrintString) for LCD_PrintString
    buttons.o(i.Zoom) refers to buttons.o(i.ST7735_Line) for ST7735_Line
    buttons.o(i.Zoom) refers to ssd2119.o(i.LCD_DrawPixel) for LCD_DrawPixel
    ssd2119.o(i.LCD_ColorFill) refers to ssd2119.o(i.LCD_DrawFilledRect) for LCD_DrawFilledRect
    ssd2119.o(i.LCD_DrawBMP) refers to ssd2119.o(i.LCD_WriteCommand) for LCD_WriteCommand
    ssd2119.o(i.LCD_DrawBMP) refers to ssd2119.o(i.LCD_WriteData) for LCD_WriteData
    ssd2119.o(i.LCD_DrawBMP) refers to ssd2119.o(.constdata) for Color4
    ssd2119.o(i.LCD_DrawCircle) refers to ssd2119.o(i.LCD_DrawPixel) for LCD_DrawPixel
    ssd2119.o(i.LCD_DrawFilledCircle) refers to ssd2119.o(i.LCD_DrawPixel) for LCD_DrawPixel
    ssd2119.o(i.LCD_DrawFilledRect) refers to ssd2119.o(i.LCD_WriteCommand) for LCD_WriteCommand
    ssd2119.o(i.LCD_DrawFilledRect) refers to ssd2119.o(i.LCD_WriteData) for LCD_WriteData
    ssd2119.o(i.LCD_DrawImage) refers to ssd2119.o(i.LCD_WriteCommand) for LCD_WriteCommand
    ssd2119.o(i.LCD_DrawImage) refers to ssd2119.o(i.LCD_WriteData) for LCD_WriteData
    ssd2119.o(i.LCD_DrawLine) refers to ssd2119.o(i.LCD_DrawPixel) for LCD_DrawPixel
    ssd2119.o(i.LCD_DrawPixel) refers to ssd2119.o(i.LCD_WriteCommand) for LCD_WriteCommand
    ssd2119.o(i.LCD_DrawPixel) refers to ssd2119.o(i.LCD_WriteData) for LCD_WriteData
    ssd2119.o(i.LCD_DrawPixelRGB) refers to ssd2119.o(i.convertColor) for convertColor
    ssd2119.o(i.LCD_DrawPixelRGB) refers to ssd2119.o(i.LCD_DrawPixel) for LCD_DrawPixel
    ssd2119.o(i.LCD_DrawRect) refers to ssd2119.o(i.LCD_DrawLine) for LCD_DrawLine
    ssd2119.o(i.LCD_Goto) refers to ssd2119.o(i.LCD_SetCursor) for LCD_SetCursor
    ssd2119.o(i.LCD_Init) refers to ssd2119.o(i.LCD_GPIOInit) for LCD_GPIOInit
    ssd2119.o(i.LCD_Init) refers to ssd2119.o(i.LCD_WriteCommand) for LCD_WriteCommand
    ssd2119.o(i.LCD_Init) refers to ssd2119.o(i.LCD_WriteData) for LCD_WriteData
    ssd2119.o(i.LCD_Init) refers to ssd2119.o(i.LCD_SetCursor) for LCD_SetCursor
    ssd2119.o(i.LCD_Init) refers to ssd2119.o(i.LCD_SetTextColor) for LCD_SetTextColor
    ssd2119.o(i.LCD_PrintBinary) refers to ssd2119.o(i.LCD_PrintString) for LCD_PrintString
    ssd2119.o(i.LCD_PrintBinary) refers to ssd2119.o(i.LCD_PrintChar) for LCD_PrintChar
    ssd2119.o(i.LCD_PrintChar) refers to ssd2119.o(i.LCD_SetCursor) for LCD_SetCursor
    ssd2119.o(i.LCD_PrintChar) refers to ssd2119.o(i.LCD_DrawPixel) for LCD_DrawPixel
    ssd2119.o(i.LCD_PrintChar) refers to ssd2119.o(.data) for cursorY
    ssd2119.o(i.LCD_PrintChar) refers to ssd2119.o(.constdata) for ASCII
    ssd2119.o(i.LCD_PrintFloat) refers to f2d.o(x$fpl$f2d) for __aeabi_f2d
    ssd2119.o(i.LCD_PrintFloat) refers to ssd2119.o(i.printf) for printf
    ssd2119.o(i.LCD_PrintFloat) refers to ffix.o(x$fpl$ffix) for __aeabi_f2iz
    ssd2119.o(i.LCD_PrintFloat) refers to ssd2119.o(i.LCD_PrintChar) for LCD_PrintChar
    ssd2119.o(i.LCD_PrintHex) refers to ssd2119.o(i.LCD_PrintString) for LCD_PrintString
    ssd2119.o(i.LCD_PrintHex) refers to ssd2119.o(i.LCD_PrintChar) for LCD_PrintChar
    ssd2119.o(i.LCD_PrintInteger) refers to ssd2119.o(i.LCD_PrintChar) for LCD_PrintChar
    ssd2119.o(i.LCD_PrintString) refers to ssd2119.o(i.LCD_PrintChar) for LCD_PrintChar
    ssd2119.o(i.LCD_SetCursor) refers to ssd2119.o(.data) for cursorX
    ssd2119.o(i.LCD_SetTextColor) refers to ssd2119.o(i.convertColor) for convertColor
    ssd2119.o(i.LCD_SetTextColor) refers to ssd2119.o(.data) for textColor
    ssd2119.o(i.Touch_BeginWaitForTouch) refers to startup.o(.text) for DisableInterrupts
    ssd2119.o(i.Touch_GetCoords) refers to rt_memcpy_w.o(.text) for __aeabi_memcpy4
    ssd2119.o(i.Touch_GetCoords) refers to ssd2119.o(.constdata) for .constdata
    ssd2119.o(i.Touch_GetCoords) refers to ssd2119.o(.data) for Touch_XVal
    ssd2119.o(i.Touch_Init) refers to ssd2119.o(i.ADC_Init) for ADC_Init
    ssd2119.o(i.Touch_ReadX) refers to ssd2119.o(i.ADC_SetChannel) for ADC_SetChannel
    ssd2119.o(i.Touch_ReadX) refers to ssd2119.o(i.ADC_Read) for ADC_Read
    ssd2119.o(i.Touch_ReadX) refers to ssd2119.o(.data) for Touch_XVal
    ssd2119.o(i.Touch_ReadY) refers to ssd2119.o(i.ADC_SetChannel) for ADC_SetChannel
    ssd2119.o(i.Touch_ReadY) refers to ssd2119.o(i.ADC_Read) for ADC_Read
    ssd2119.o(i.Touch_ReadY) refers to ssd2119.o(.data) for Touch_YVal
    ssd2119.o(i.Touch_ReadZ1) refers to ssd2119.o(i.ADC_SetChannel) for ADC_SetChannel
    ssd2119.o(i.Touch_ReadZ1) refers to ssd2119.o(i.ADC_Read) for ADC_Read
    ssd2119.o(i.Touch_ReadZ2) refers to ssd2119.o(i.ADC_SetChannel) for ADC_SetChannel
    ssd2119.o(i.Touch_ReadZ2) refers to ssd2119.o(i.ADC_Read) for ADC_Read
    ssd2119.o(i.printf) refers to ssd2119.o(i.LCD_PrintInteger) for LCD_PrintInteger
    ssd2119.o(i.printf) refers to ssd2119.o(i.LCD_PrintChar) for LCD_PrintChar
    ssd2119.o(i.printf) refers to ssd2119.o(i.LCD_PrintString) for LCD_PrintString
    ssd2119.o(i.printf) refers to ssd2119.o(i.LCD_PrintFloat) for LCD_PrintFloat
    ssd2119.o(i.printf) refers to ssd2119.o(i.LCD_PrintHex) for LCD_PrintHex
    ssd2119.o(i.printf) refers to ssd2119.o(i.LCD_PrintBinary) for LCD_PrintBinary
    adct0atrigger.o(i.ADC0Seq3_Handler) refers to adct0atrigger.o(i.fifo_push) for fifo_push
    adct0atrigger.o(i.ADC0Seq3_Handler) refers to adct0atrigger.o(.data) for ADCvalue
    adct0atrigger.o(i.ADC0_InitTimer0ATriggerSeq3) refers to adct0atrigger.o(i.fifo_init) for fifo_init
    adct0atrigger.o(i.ADC0_InitTimer0ATriggerSeq3) refers to startup.o(.text) for DisableInterrupts
    adct0atrigger.o(i.fifo_CurrentValue) refers to adct0atrigger.o(.bss) for fifo
    adct0atrigger.o(i.fifo_CurrentValue) refers to adct0atrigger.o(.data) for fifoStart
    adct0atrigger.o(i.fifo_Get) refers to adct0atrigger.o(.bss) for fifo
    adct0atrigger.o(i.fifo_empty) refers to adct0atrigger.o(.data) for fifoEnd
    adct0atrigger.o(i.fifo_full) refers to adct0atrigger.o(.data) for fifoEnd
    adct0atrigger.o(i.fifo_init) refers to adct0atrigger.o(.bss) for fifo
    adct0atrigger.o(i.fifo_pop) refers to adct0atrigger.o(.data) for fifoStart
    adct0atrigger.o(i.fifo_pop) refers to adct0atrigger.o(.bss) for fifo
    adct0atrigger.o(i.fifo_push) refers to adct0atrigger.o(.data) for fifoEnd
    adct0atrigger.o(i.fifo_push) refers to adct0atrigger.o(.bss) for fifo
    __main.o(!!!main) refers to rtentry.o(.ARM.Collect$$rtentry$$00000000) for __rt_entry
    f2d.o(x$fpl$f2d) refers (Special) to usenofp.o(x$fpl$usenofp) for __I$use$fp
    f2d.o(x$fpl$f2d) refers to fnaninf.o(x$fpl$fnaninf) for __fpl_fnaninf
    f2d.o(x$fpl$f2d) refers to dretinf.o(x$fpl$dretinf) for __fpl_dretinf
    faddsub_clz.o(x$fpl$fadd) refers (Special) to usenofp.o(x$fpl$usenofp) for __I$use$fp
    faddsub_clz.o(x$fpl$fadd) refers to faddsub_clz.o(x$fpl$fsub) for _fsub1
    faddsub_clz.o(x$fpl$fadd) refers to fretinf.o(x$fpl$fretinf) for __fpl_fretinf
    faddsub_clz.o(x$fpl$fadd) refers to fnaninf.o(x$fpl$fnaninf) for __fpl_fnaninf
    faddsub_clz.o(x$fpl$frsb) refers (Special) to usenofp.o(x$fpl$usenofp) for __I$use$fp
    faddsub_clz.o(x$fpl$frsb) refers to faddsub_clz.o(x$fpl$fadd) for _fadd1
    faddsub_clz.o(x$fpl$frsb) refers to faddsub_clz.o(x$fpl$fsub) for _fsub1
    faddsub_clz.o(x$fpl$fsub) refers (Special) to usenofp.o(x$fpl$usenofp) for __I$use$fp
    faddsub_clz.o(x$fpl$fsub) refers to faddsub_clz.o(x$fpl$fadd) for _fadd1
    faddsub_clz.o(x$fpl$fsub) refers to fnaninf.o(x$fpl$fnaninf) for __fpl_fnaninf
    fdiv.o(x$fpl$frdiv) refers (Special) to usenofp.o(x$fpl$usenofp) for __I$use$fp
    fdiv.o(x$fpl$frdiv) refers to fdiv.o(x$fpl$fdiv) for _fdiv1
    fdiv.o(x$fpl$fdiv) refers (Special) to usenofp.o(x$fpl$usenofp) for __I$use$fp
    fdiv.o(x$fpl$fdiv) refers to fretinf.o(x$fpl$fretinf) for __fpl_fretinf
    fdiv.o(x$fpl$fdiv) refers to fnaninf.o(x$fpl$fnaninf) for __fpl_fnaninf
    feqf.o(x$fpl$feqf) refers (Special) to usenofp.o(x$fpl$usenofp) for __I$use$fp
    feqf.o(x$fpl$feqf) refers to fnaninf.o(x$fpl$fnaninf) for __fpl_fnaninf
    feqf.o(x$fpl$feqf) refers to fcmpi.o(x$fpl$fcmpinf) for __fpl_fcmp_Inf
    ffix.o(x$fpl$ffix) refers (Special) to usenofp.o(x$fpl$usenofp) for __I$use$fp
    ffix.o(x$fpl$ffix) refers to fnaninf.o(x$fpl$fnaninf) for __fpl_fnaninf
    ffix.o(x$fpl$ffixr) refers (Special) to usenofp.o(x$fpl$usenofp) for __I$use$fp
    ffix.o(x$fpl$ffixr) refers to fnaninf.o(x$fpl$fnaninf) for __fpl_fnaninf
    ffixu.o(x$fpl$ffixu) refers (Special) to usenofp.o(x$fpl$usenofp) for __I$use$fp
    ffixu.o(x$fpl$ffixu) refers to fnaninf.o(x$fpl$fnaninf) for __fpl_fnaninf
    ffixu.o(x$fpl$ffixur) refers (Special) to usenofp.o(x$fpl$usenofp) for __I$use$fp
    ffixu.o(x$fpl$ffixur) refers to fnaninf.o(x$fpl$fnaninf) for __fpl_fnaninf
    fflt_clz.o(x$fpl$ffltu) refers (Special) to usenofp.o(x$fpl$usenofp) for __I$use$fp
    fflt_clz.o(x$fpl$fflt) refers (Special) to usenofp.o(x$fpl$usenofp) for __I$use$fp
    fflt_clz.o(x$fpl$ffltn) refers (Special) to usenofp.o(x$fpl$usenofp) for __I$use$fp
    fleqf.o(x$fpl$fleqf) refers (Special) to usenofp.o(x$fpl$usenofp) for __I$use$fp
    fleqf.o(x$fpl$fleqf) refers to fnaninf.o(x$fpl$fnaninf) for __fpl_fnaninf
    fleqf.o(x$fpl$fleqf) refers to fcmpi.o(x$fpl$fcmpinf) for __fpl_fcmp_Inf
    fmul.o(x$fpl$fmul) refers (Special) to usenofp.o(x$fpl$usenofp) for __I$use$fp
    fmul.o(x$fpl$fmul) refers to fretinf.o(x$fpl$fretinf) for __fpl_fretinf
    fmul.o(x$fpl$fmul) refers to fnaninf.o(x$fpl$fnaninf) for __fpl_fnaninf
    frleqf.o(x$fpl$frleqf) refers (Special) to usenofp.o(x$fpl$usenofp) for __I$use$fp
    frleqf.o(x$fpl$frleqf) refers to fleqf.o(x$fpl$fleqf) for __fpl_fcmple_InfNaN
    rtentry.o(.ARM.Collect$$rtentry$$00000000) refers (Special) to rtentry2.o(.ARM.Collect$$rtentry$$0000000A) for __rt_entry_li
    rtentry.o(.ARM.Collect$$rtentry$$00000000) refers (Special) to rtentry2.o(.ARM.Collect$$rtentry$$0000000D) for __rt_entry_main
    rtentry.o(.ARM.Collect$$rtentry$$00000000) refers (Special) to rtentry2.o(.ARM.Collect$$rtentry$$0000000C) for __rt_entry_postli_1
    rtentry.o(.ARM.Collect$$rtentry$$00000000) refers (Special) to rtentry2.o(.ARM.Collect$$rtentry$$00000009) for __rt_entry_postsh_1
    rtentry.o(.ARM.Collect$$rtentry$$00000000) refers (Special) to rtentry2.o(.ARM.Collect$$rtentry$$00000002) for __rt_entry_presh_1
    rtentry.o(.ARM.Collect$$rtentry$$00000000) refers (Special) to rtentry4.o(.ARM.Collect$$rtentry$$00000004) for __rt_entry_sh
    dretinf.o(x$fpl$dretinf) refers (Special) to usenofp.o(x$fpl$usenofp) for __I$use$fp
    fcmpi.o(x$fpl$fcmpinf) refers (Special) to usenofp.o(x$fpl$usenofp) for __I$use$fp
    fnaninf.o(x$fpl$fnaninf) refers (Special) to usenofp.o(x$fpl$usenofp) for __I$use$fp
    fretinf.o(x$fpl$fretinf) refers (Special) to usenofp.o(x$fpl$usenofp) for __I$use$fp
    rtentry2.o(.ARM.Collect$$rtentry$$00000008) refers to boardinit2.o(.text) for _platform_post_stackheap_init
    rtentry2.o(.ARM.Collect$$rtentry$$0000000A) refers to libinit.o(.ARM.Collect$$libinit$$00000000) for __rt_lib_init
    rtentry2.o(.ARM.Collect$$rtentry$$0000000B) refers to boardinit3.o(.text) for _platform_post_lib_init
    rtentry2.o(.ARM.Collect$$rtentry$$0000000D) refers to edgeinterrupt.o(i.main) for main
    rtentry2.o(.ARM.Collect$$rtentry$$0000000D) refers to exit.o(.text) for exit
    rtentry2.o(.ARM.exidx) refers to rtentry2.o(.ARM.Collect$$rtentry$$00000001) for .ARM.Collect$$rtentry$$00000001
    rtentry2.o(.ARM.exidx) refers to rtentry2.o(.ARM.Collect$$rtentry$$00000008) for .ARM.Collect$$rtentry$$00000008
    rtentry2.o(.ARM.exidx) refers to rtentry2.o(.ARM.Collect$$rtentry$$0000000A) for .ARM.Collect$$rtentry$$0000000A
    rtentry2.o(.ARM.exidx) refers to rtentry2.o(.ARM.Collect$$rtentry$$0000000B) for .ARM.Collect$$rtentry$$0000000B
    rtentry2.o(.ARM.exidx) refers to rtentry2.o(.ARM.Collect$$rtentry$$0000000D) for .ARM.Collect$$rtentry$$0000000D
    rtentry4.o(.ARM.Collect$$rtentry$$00000004) refers to sys_stackheap_outer.o(.text) for __user_setup_stackheap
    rtentry4.o(.ARM.exidx) refers to rtentry4.o(.ARM.Collect$$rtentry$$00000004) for .ARM.Collect$$rtentry$$00000004
    sys_stackheap_outer.o(.text) refers to libspace.o(.text) for __user_perproc_libspace
    sys_stackheap_outer.o(.text) refers to startup.o(.text) for __user_initial_stackheap
    exit.o(.text) refers to rtexit.o(.ARM.Collect$$rtexit$$00000000) for __rt_exit
    libinit.o(.ARM.Collect$$libinit$$00000000) refers (Special) to libinit2.o(.ARM.Collect$$libinit$$0000002C) for __rt_lib_init_alloca_1
    libinit.o(.ARM.Collect$$libinit$$00000000) refers (Special) to libinit2.o(.ARM.Collect$$libinit$$0000002A) for __rt_lib_init_argv_1
    libinit.o(.ARM.Collect$$libinit$$00000000) refers (Special) to libinit2.o(.ARM.Collect$$libinit$$00000019) for __rt_lib_init_atexit_1
    libinit.o(.ARM.Collect$$libinit$$00000000) refers (Special) to libinit2.o(.ARM.Collect$$libinit$$0000001F) for __rt_lib_init_clock_1
    libinit.o(.ARM.Collect$$libinit$$00000000) refers (Special) to libinit2.o(.ARM.Collect$$libinit$$00000030) for __rt_lib_init_cpp_1
    libinit.o(.ARM.Collect$$libinit$$00000000) refers (Special) to libinit2.o(.ARM.Collect$$libinit$$0000002E) for __rt_lib_init_exceptions_1
    libinit.o(.ARM.Collect$$libinit$$00000000) refers (Special) to libinit2.o(.ARM.Collect$$libinit$$00000002) for __rt_lib_init_fp_1
    libinit.o(.ARM.Collect$$libinit$$00000000) refers (Special) to libinit2.o(.ARM.Collect$$libinit$$0000001D) for __rt_lib_init_fp_trap_1
    libinit.o(.ARM.Collect$$libinit$$00000000) refers (Special) to libinit2.o(.ARM.Collect$$libinit$$00000021) for __rt_lib_init_getenv_1
    libinit.o(.ARM.Collect$$libinit$$00000000) refers (Special) to libinit2.o(.ARM.Collect$$libinit$$00000008) for __rt_lib_init_heap_1
    libinit.o(.ARM.Collect$$libinit$$00000000) refers (Special) to libinit2.o(.ARM.Collect$$libinit$$0000000F) for __rt_lib_init_lc_collate_1
    libinit.o(.ARM.Collect$$libinit$$00000000) refers (Special) to libinit2.o(.ARM.Collect$$libinit$$00000011) for __rt_lib_init_lc_ctype_1
    libinit.o(.ARM.Collect$$libinit$$00000000) refers (Special) to libinit2.o(.ARM.Collect$$libinit$$00000013) for __rt_lib_init_lc_monetary_1
    libinit.o(.ARM.Collect$$libinit$$00000000) refers (Special) to libinit2.o(.ARM.Collect$$libinit$$00000015) for __rt_lib_init_lc_numeric_1
    libinit.o(.ARM.Collect$$libinit$$00000000) refers (Special) to libinit2.o(.ARM.Collect$$libinit$$00000017) for __rt_lib_init_lc_time_1
    libinit.o(.ARM.Collect$$libinit$$00000000) refers (Special) to libinit2.o(.ARM.Collect$$libinit$$0000000C) for __rt_lib_init_rand_1
    libinit.o(.ARM.Collect$$libinit$$00000000) refers (Special) to libinit2.o(.ARM.Collect$$libinit$$00000031) for __rt_lib_init_return
    libinit.o(.ARM.Collect$$libinit$$00000000) refers (Special) to libinit2.o(.ARM.Collect$$libinit$$0000001B) for __rt_lib_init_signal_1
    libinit.o(.ARM.Collect$$libinit$$00000000) refers (Special) to libinit2.o(.ARM.Collect$$libinit$$00000023) for __rt_lib_init_stdio_1
    libinit.o(.ARM.Collect$$libinit$$00000000) refers (Special) to libinit2.o(.ARM.Collect$$libinit$$0000000A) for __rt_lib_init_user_alloc_1
    libspace.o(.text) refers to libspace.o(.bss) for __libspace_start
    rtexit.o(.ARM.Collect$$rtexit$$00000000) refers (Special) to rtexit2.o(.ARM.Collect$$rtexit$$00000004) for __rt_exit_exit
    rtexit.o(.ARM.Collect$$rtexit$$00000000) refers (Special) to rtexit2.o(.ARM.Collect$$rtexit$$00000003) for __rt_exit_ls
    rtexit.o(.ARM.Collect$$rtexit$$00000000) refers (Special) to rtexit2.o(.ARM.Collect$$rtexit$$00000002) for __rt_exit_prels_1
    rtexit.o(.ARM.exidx) refers (Special) to rtexit2.o(.ARM.Collect$$rtexit$$00000004) for __rt_exit_exit
    rtexit.o(.ARM.exidx) refers (Special) to rtexit2.o(.ARM.Collect$$rtexit$$00000003) for __rt_exit_ls
    rtexit.o(.ARM.exidx) refers (Special) to rtexit2.o(.ARM.Collect$$rtexit$$00000002) for __rt_exit_prels_1
    rtexit.o(.ARM.exidx) refers to rtexit.o(.ARM.Collect$$rtexit$$00000000) for .ARM.Collect$$rtexit$$00000000
    libinit2.o(.ARM.Collect$$libinit$$0000000E) refers to libinit2.o(.ARM.Collect$$libinit$$0000000D) for .ARM.Collect$$libinit$$0000000D
    libinit2.o(.ARM.Collect$$libinit$$00000010) refers to libinit2.o(.ARM.Collect$$libinit$$0000000D) for .ARM.Collect$$libinit$$0000000D
    libinit2.o(.ARM.Collect$$libinit$$00000012) refers to libinit2.o(.ARM.Collect$$libinit$$0000000D) for .ARM.Collect$$libinit$$0000000D
    libinit2.o(.ARM.Collect$$libinit$$00000014) refers to libinit2.o(.ARM.Collect$$libinit$$0000000D) for .ARM.Collect$$libinit$$0000000D
    libinit2.o(.ARM.Collect$$libinit$$00000016) refers to libinit2.o(.ARM.Collect$$libinit$$0000000D) for .ARM.Collect$$libinit$$0000000D
    libinit2.o(.ARM.Collect$$libinit$$00000024) refers to argv_veneer.o(.emb_text) for __ARM_argv_veneer
    libinit2.o(.ARM.Collect$$libinit$$00000025) refers to argv_veneer.o(.emb_text) for __ARM_argv_veneer
    rtexit2.o(.ARM.Collect$$rtexit$$00000003) refers to libshutdown.o(.ARM.Collect$$libshutdown$$00000000) for __rt_lib_shutdown
    rtexit2.o(.ARM.Collect$$rtexit$$00000004) refers to sys_exit.o(.text) for _sys_exit
    rtexit2.o(.ARM.exidx) refers to rtexit2.o(.ARM.Collect$$rtexit$$00000001) for .ARM.Collect$$rtexit$$00000001
    rtexit2.o(.ARM.exidx) refers to rtexit2.o(.ARM.Collect$$rtexit$$00000003) for .ARM.Collect$$rtexit$$00000003
    rtexit2.o(.ARM.exidx) refers to rtexit2.o(.ARM.Collect$$rtexit$$00000004) for .ARM.Collect$$rtexit$$00000004
    argv_veneer.o(.emb_text) refers to no_argv.o(.text) for __ARM_get_argv
    sys_exit.o(.text) refers (Special) to use_no_semi.o(.text) for __I$use$semihosting
    sys_exit.o(.text) refers (Special) to indicate_semi.o(.text) for __semihosting_library_function
    _get_argv_nomalloc.o(.text) refers (Special) to hrguard.o(.text) for __heap_region$guard
    _get_argv_nomalloc.o(.text) refers to defsig_rtmem_outer.o(.text) for __rt_SIGRTMEM
    _get_argv_nomalloc.o(.text) refers to sys_command.o(.text) for _sys_command_string
    libshutdown.o(.ARM.Collect$$libshutdown$$00000000) refers (Special) to libshutdown2.o(.ARM.Collect$$libshutdown$$00000006) for __rt_lib_shutdown_fp_trap_1
    libshutdown.o(.ARM.Collect$$libshutdown$$00000000) refers (Special) to libshutdown2.o(.ARM.Collect$$libshutdown$$0000000E) for __rt_lib_shutdown_heap_1
    libshutdown.o(.ARM.Collect$$libshutdown$$00000000) refers (Special) to libshutdown2.o(.ARM.Collect$$libshutdown$$0000000F) for __rt_lib_shutdown_return
    libshutdown.o(.ARM.Collect$$libshutdown$$00000000) refers (Special) to libshutdown2.o(.ARM.Collect$$libshutdown$$00000009) for __rt_lib_shutdown_signal_1
    libshutdown.o(.ARM.Collect$$libshutdown$$00000000) refers (Special) to libshutdown2.o(.ARM.Collect$$libshutdown$$00000003) for __rt_lib_shutdown_stdio_1
    libshutdown.o(.ARM.Collect$$libshutdown$$00000000) refers (Special) to libshutdown2.o(.ARM.Collect$$libshutdown$$0000000B) for __rt_lib_shutdown_user_alloc_1
    sys_command.o(.text) refers (Special) to use_no_semi.o(.text) for __I$use$semihosting
    sys_command.o(.text) refers (Special) to indicate_semi.o(.text) for __semihosting_library_function
    defsig_rtmem_outer.o(.text) refers to defsig_rtmem_inner.o(.text) for __rt_SIGRTMEM_inner
    defsig_rtmem_outer.o(.text) refers to defsig_exit.o(.text) for __sig_exit
    defsig_rtmem_formal.o(.text) refers to rt_raise.o(.text) for __rt_raise
    rt_raise.o(.text) refers to __raise.o(.text) for __raise
    rt_raise.o(.text) refers to sys_exit.o(.text) for _sys_exit
    defsig_exit.o(.text) refers to sys_exit.o(.text) for _sys_exit
    defsig_rtmem_inner.o(.text) refers to defsig_general.o(.text) for __default_signal_display
    __raise.o(.text) refers to defsig.o(CL$$defsig) for __default_signal_handler
    defsig_general.o(.text) refers to sys_wrch.o(.text) for _ttywrch
    sys_wrch.o(.text) refers (Special) to use_no_semi.o(.text) for __I$use$semihosting
    sys_wrch.o(.text) refers (Special) to indicate_semi.o(.text) for __semihosting_library_function
    defsig.o(CL$$defsig) refers to defsig_rtmem_inner.o(.text) for __rt_SIGRTMEM_inner
    defsig_abrt_inner.o(.text) refers to defsig_general.o(.text) for __default_signal_display
    defsig_fpe_inner.o(.text) refers to defsig_general.o(.text) for __default_signal_display
    defsig_rtred_inner.o(.text) refers to defsig_general.o(.text) for __default_signal_display
    defsig_stak_inner.o(.text) refers to defsig_general.o(.text) for __default_signal_display
    defsig_pvfn_inner.o(.text) refers to defsig_general.o(.text) for __default_signal_display
    defsig_cppl_inner.o(.text) refers to defsig_general.o(.text) for __default_signal_display
    defsig_segv_inner.o(.text) refers to defsig_general.o(.text) for __default_signal_display
    defsig_other.o(.text) refers to defsig_general.o(.text) for __default_signal_display


==============================================================================

Removing Unused input sections from the image.

    Removing edgeinterrupt.o(i.EdgeCounter_Init), (216 bytes).
    Removing edgeinterrupt.o(i.Timer0A_Init100HzInt), (116 bytes).
    Removing edgeinterrupt.o(.constdata), (480 bytes).
    Removing isr.o(i.ProcessBuffer), (236 bytes).
    Removing isr.o(.bss), (12000 bytes).
    Removing coeff.o(.data), (4004 bytes).
    Removing ecg.o(i.ADC0Seq3_Handler_temp), (88 bytes).
    Removing ecg.o(i.ECG_GET_BPM), (68 bytes).
    Removing ecg.o(i.ECG_Get_Data), (128 bytes).
    Removing ecg.o(.bss), (12000 bytes).
    Removing ecg.o(.constdata), (480 bytes).
    Removing ecg.o(.data), (28 bytes).
    Removing accel.o(i.ACCEL_Display_Data), (2 bytes).
    Removing accel.o(i.ACCEL_Get_Data), (4 bytes).
    Removing accel.o(i.ACCEL_Init), (2 bytes).
    Removing buttons.o(i.Buttons_10ms_Handler), (60 bytes).
    Removing buttons.o(i.Buttons_Pressed), (2 bytes).
    Removing buttons.o(i.Buttons_ReadInput), (88 bytes).
    Removing buttons.o(i.Pause), (60 bytes).
    Removing buttons.o(i.Rewind), (8 bytes).
    Removing buttons.o(i.ST7735_DrawCue), (1500 bytes).
    Removing buttons.o(i.ST7735_Line), (90 bytes).
    Removing buttons.o(i.Zoom), (284 bytes).
    Removing buttons.o(i.delay), (18 bytes).
    Removing buttons.o(i.findLargest), (30 bytes).
    Removing buttons.o(i.findSmallest), (30 bytes).
    Removing buttons.o(.constdata), (480 bytes).
    Removing ssd2119.o(i.ADC_Init), (156 bytes).
    Removing ssd2119.o(i.ADC_Read), (44 bytes).
    Removing ssd2119.o(i.ADC_SetChannel), (64 bytes).
    Removing ssd2119.o(i.LCD_DrawBMP), (360 bytes).
    Removing ssd2119.o(i.LCD_DrawCircle), (256 bytes).
    Removing ssd2119.o(i.LCD_DrawFilledCircle), (210 bytes).
    Removing ssd2119.o(i.LCD_DrawImage), (228 bytes).
    Removing ssd2119.o(i.LCD_DrawPixelRGB), (42 bytes).
    Removing ssd2119.o(i.LCD_DrawRect), (126 bytes).
    Removing ssd2119.o(i.LCD_Goto), (34 bytes).
    Removing ssd2119.o(i.LCD_PrintBinary), (144 bytes).
    Removing ssd2119.o(i.LCD_PrintFloat), (116 bytes).
    Removing ssd2119.o(i.LCD_PrintHex), (112 bytes).
    Removing ssd2119.o(i.Touch_BeginWaitForTouch), (184 bytes).
    Removing ssd2119.o(i.Touch_GetCoords), (92 bytes).
    Removing ssd2119.o(i.Touch_Init), (96 bytes).
    Removing ssd2119.o(i.Touch_ReadX), (300 bytes).
    Removing ssd2119.o(i.Touch_ReadY), (272 bytes).
    Removing ssd2119.o(i.Touch_ReadZ1), (264 bytes).
    Removing ssd2119.o(i.Touch_ReadZ2), (288 bytes).
    Removing ssd2119.o(i.abs), (14 bytes).
    Removing ssd2119.o(i.printf), (214 bytes).
    Removing adct0atrigger.o(i.ADC0_InitTimer0ATriggerSeq3PD3), (300 bytes).
    Removing adct0atrigger.o(i.fifo_CurrentValue), (20 bytes).
    Removing adct0atrigger.o(i.fifo_Get), (8 bytes).
    Removing adct0atrigger.o(i.fifo_empty), (28 bytes).
    Removing adct0atrigger.o(i.fifo_full), (40 bytes).
    Removing adct0atrigger.o(.constdata), (4 bytes).

55 unused section(s) (total 36518 bytes) removed from the image.

==============================================================================

Image Symbol Table

    Local Symbols

    Symbol Name                              Value     Ov Type        Size  Object(Section)

    RESET                                    0x00000000   Section      644  startup.o(RESET)
    ../clib/angel/boardlib.s                 0x00000000   Number         0  boardinit1.o ABSOLUTE
    ../clib/angel/boardlib.s                 0x00000000   Number         0  boardshut.o ABSOLUTE
    ../clib/angel/boardlib.s                 0x00000000   Number         0  boardinit3.o ABSOLUTE
    ../clib/angel/boardlib.s                 0x00000000   Number         0  boardinit2.o ABSOLUTE
    ../clib/angel/handlers.s                 0x00000000   Number         0  __scatter_zi.o ABSOLUTE
    ../clib/angel/handlers.s                 0x00000000   Number         0  __scatter_copy.o ABSOLUTE
    ../clib/angel/kernel.s                   0x00000000   Number         0  rtentry4.o ABSOLUTE
    ../clib/angel/kernel.s                   0x00000000   Number         0  rtexit.o ABSOLUTE
    ../clib/angel/kernel.s                   0x00000000   Number         0  rtentry2.o ABSOLUTE
    ../clib/angel/kernel.s                   0x00000000   Number         0  rtentry.o ABSOLUTE
    ../clib/angel/kernel.s                   0x00000000   Number         0  rtexit2.o ABSOLUTE
    ../clib/angel/rt.s                       0x00000000   Number         0  rt_raise.o ABSOLUTE
    ../clib/angel/scatter.s                  0x00000000   Number         0  __scatter.o ABSOLUTE
    ../clib/angel/startup.s                  0x00000000   Number         0  __main.o ABSOLUTE
    ../clib/angel/sys.s                      0x00000000   Number         0  sys_stackheap_outer.o ABSOLUTE
    ../clib/angel/sys.s                      0x00000000   Number         0  indicate_semi.o ABSOLUTE
    ../clib/angel/sys.s                      0x00000000   Number         0  libspace.o ABSOLUTE
    ../clib/angel/sys.s                      0x00000000   Number         0  use_no_semi.o ABSOLUTE
    ../clib/angel/sysapp.c                   0x00000000   Number         0  sys_exit.o ABSOLUTE
    ../clib/angel/sysapp.c                   0x00000000   Number         0  sys_command.o ABSOLUTE
    ../clib/angel/sysapp.c                   0x00000000   Number         0  sys_wrch.o ABSOLUTE
    ../clib/armsys.c                         0x00000000   Number         0  _get_argv_nomalloc.o ABSOLUTE
    ../clib/armsys.c                         0x00000000   Number         0  argv_veneer.o ABSOLUTE
    ../clib/armsys.c                         0x00000000   Number         0  argv_veneer.o ABSOLUTE
    ../clib/armsys.c                         0x00000000   Number         0  no_argv.o ABSOLUTE
    ../clib/heapalloc.c                      0x00000000   Number         0  hrguard.o ABSOLUTE
    ../clib/heapaux.c                        0x00000000   Number         0  heapauxi.o ABSOLUTE
    ../clib/libinit.s                        0x00000000   Number         0  libinit2.o ABSOLUTE
    ../clib/libinit.s                        0x00000000   Number         0  libshutdown.o ABSOLUTE
    ../clib/libinit.s                        0x00000000   Number         0  libinit.o ABSOLUTE
    ../clib/libinit.s                        0x00000000   Number         0  libshutdown2.o ABSOLUTE
    ../clib/memcpset.s                       0x00000000   Number         0  rt_memcpy_w.o ABSOLUTE
    ../clib/signal.c                         0x00000000   Number         0  __raise.o ABSOLUTE
    ../clib/signal.c                         0x00000000   Number         0  defsig_abrt_inner.o ABSOLUTE
    ../clib/signal.c                         0x00000000   Number         0  defsig_rtmem_formal.o ABSOLUTE
    ../clib/signal.c                         0x00000000   Number         0  defsig_other.o ABSOLUTE
    ../clib/signal.c                         0x00000000   Number         0  defsig_segv_inner.o ABSOLUTE
    ../clib/signal.c                         0x00000000   Number         0  defsig_cppl_inner.o ABSOLUTE
    ../clib/signal.c                         0x00000000   Number         0  defsig_rtmem_inner.o ABSOLUTE
    ../clib/signal.c                         0x00000000   Number         0  defsig_pvfn_inner.o ABSOLUTE
    ../clib/signal.c                         0x00000000   Number         0  defsig_stak_inner.o ABSOLUTE
    ../clib/signal.c                         0x00000000   Number         0  defsig_rtred_inner.o ABSOLUTE
    ../clib/signal.c                         0x00000000   Number         0  defsig_exit.o ABSOLUTE
    ../clib/signal.c                         0x00000000   Number         0  defsig_fpe_inner.o ABSOLUTE
    ../clib/signal.c                         0x00000000   Number         0  defsig_rtmem_outer.o ABSOLUTE
    ../clib/signal.c                         0x00000000   Number         0  defsig_general.o ABSOLUTE
    ../clib/signal.s                         0x00000000   Number         0  defsig.o ABSOLUTE
    ../clib/stdlib.c                         0x00000000   Number         0  exit.o ABSOLUTE
    ../fplib/dretinf.s                       0x00000000   Number         0  dretinf.o ABSOLUTE
    ../fplib/f2d.s                           0x00000000   Number         0  f2d.o ABSOLUTE
    ../fplib/faddsub.s                       0x00000000   Number         0  faddsub_clz.o ABSOLUTE
    ../fplib/fcmpi.s                         0x00000000   Number         0  fcmpi.o ABSOLUTE
    ../fplib/fdiv.s                          0x00000000   Number         0  fdiv.o ABSOLUTE
    ../fplib/feqf.s                          0x00000000   Number         0  feqf.o ABSOLUTE
    ../fplib/ffix.s                          0x00000000   Number         0  ffix.o ABSOLUTE
    ../fplib/ffixu.s                         0x00000000   Number         0  ffixu.o ABSOLUTE
    ../fplib/fflt.s                          0x00000000   Number         0  fflt_clz.o ABSOLUTE
    ../fplib/fleqf.s                         0x00000000   Number         0  fleqf.o ABSOLUTE
    ../fplib/fmul.s                          0x00000000   Number         0  fmul.o ABSOLUTE
    ../fplib/fnaninf.s                       0x00000000   Number         0  fnaninf.o ABSOLUTE
    ../fplib/fpinit.s                        0x00000000   Number         0  fpinit.o ABSOLUTE
    ../fplib/fretinf.s                       0x00000000   Number         0  fretinf.o ABSOLUTE
    ../fplib/frleqf.s                        0x00000000   Number         0  frleqf.o ABSOLUTE
    ../fplib/usenofp.s                       0x00000000   Number         0  usenofp.o ABSOLUTE
    ACCEL.c                                  0x00000000   Number         0  accel.o ABSOLUTE
    ADCT0ATrigger.c                          0x00000000   Number         0  adct0atrigger.o ABSOLUTE
    Buttons.c                                0x00000000   Number         0  buttons.o ABSOLUTE
    ECG.c                                    0x00000000   Number         0  ecg.o ABSOLUTE
    EdgeInterrupt.c                          0x00000000   Number         0  edgeinterrupt.o ABSOLUTE
    ISR.c                                    0x00000000   Number         0  isr.o ABSOLUTE
    PLL.c                                    0x00000000   Number         0  pll.o ABSOLUTE
    SSD2119.c                                0x00000000   Number         0  ssd2119.o ABSOLUTE
    application_commands.c                   0x00000000   Number         0  application_commands.o ABSOLUTE
    coeff.c                                  0x00000000   Number         0  coeff.o ABSOLUTE
    dc.s                                     0x00000000   Number         0  dc.o ABSOLUTE
    startup.s                                0x00000000   Number         0  startup.o ABSOLUTE
    !!!main                                  0x00000284   Section        8  __main.o(!!!main)
    !!!scatter                               0x0000028c   Section       52  __scatter.o(!!!scatter)
    !!handler_copy                           0x000002c0   Section       26  __scatter_copy.o(!!handler_copy)
    !!handler_zi                             0x000002dc   Section       28  __scatter_zi.o(!!handler_zi)
    .ARM.Collect$$libinit$$00000000          0x000002f8   Section        2  libinit.o(.ARM.Collect$$libinit$$00000000)
    .ARM.Collect$$libinit$$00000002          0x000002fa   Section        0  libinit2.o(.ARM.Collect$$libinit$$00000002)
    .ARM.Collect$$libinit$$00000008          0x000002fa   Section        0  libinit2.o(.ARM.Collect$$libinit$$00000008)
    .ARM.Collect$$libinit$$0000000A          0x000002fa   Section        0  libinit2.o(.ARM.Collect$$libinit$$0000000A)
    .ARM.Collect$$libinit$$0000000C          0x000002fa   Section        0  libinit2.o(.ARM.Collect$$libinit$$0000000C)
    .ARM.Collect$$libinit$$0000000F          0x000002fa   Section        0  libinit2.o(.ARM.Collect$$libinit$$0000000F)
    .ARM.Collect$$libinit$$00000011          0x000002fa   Section        0  libinit2.o(.ARM.Collect$$libinit$$00000011)
    .ARM.Collect$$libinit$$00000013          0x000002fa   Section        0  libinit2.o(.ARM.Collect$$libinit$$00000013)
    .ARM.Collect$$libinit$$00000015          0x000002fa   Section        0  libinit2.o(.ARM.Collect$$libinit$$00000015)
    .ARM.Collect$$libinit$$00000017          0x000002fa   Section        0  libinit2.o(.ARM.Collect$$libinit$$00000017)
    .ARM.Collect$$libinit$$00000019          0x000002fa   Section        0  libinit2.o(.ARM.Collect$$libinit$$00000019)
    .ARM.Collect$$libinit$$0000001B          0x000002fa   Section        0  libinit2.o(.ARM.Collect$$libinit$$0000001B)
    .ARM.Collect$$libinit$$0000001D          0x000002fa   Section        0  libinit2.o(.ARM.Collect$$libinit$$0000001D)
    .ARM.Collect$$libinit$$0000001F          0x000002fa   Section        0  libinit2.o(.ARM.Collect$$libinit$$0000001F)
    .ARM.Collect$$libinit$$00000021          0x000002fa   Section        0  libinit2.o(.ARM.Collect$$libinit$$00000021)
    .ARM.Collect$$libinit$$00000023          0x000002fa   Section        0  libinit2.o(.ARM.Collect$$libinit$$00000023)
    .ARM.Collect$$libinit$$0000002A          0x000002fa   Section        0  libinit2.o(.ARM.Collect$$libinit$$0000002A)
    .ARM.Collect$$libinit$$0000002C          0x000002fa   Section        0  libinit2.o(.ARM.Collect$$libinit$$0000002C)
    .ARM.Collect$$libinit$$0000002E          0x000002fa   Section        0  libinit2.o(.ARM.Collect$$libinit$$0000002E)
    .ARM.Collect$$libinit$$00000030          0x000002fa   Section        0  libinit2.o(.ARM.Collect$$libinit$$00000030)
    .ARM.Collect$$libinit$$00000031          0x000002fa   Section        2  libinit2.o(.ARM.Collect$$libinit$$00000031)
    .ARM.Collect$$libshutdown$$00000000      0x000002fc   Section        2  libshutdown.o(.ARM.Collect$$libshutdown$$00000000)
    .ARM.Collect$$libshutdown$$00000003      0x000002fe   Section        0  libshutdown2.o(.ARM.Collect$$libshutdown$$00000003)
    .ARM.Collect$$libshutdown$$00000006      0x000002fe   Section        0  libshutdown2.o(.ARM.Collect$$libshutdown$$00000006)
    .ARM.Collect$$libshutdown$$00000009      0x000002fe   Section        0  libshutdown2.o(.ARM.Collect$$libshutdown$$00000009)
    .ARM.Collect$$libshutdown$$0000000B      0x000002fe   Section        0  libshutdown2.o(.ARM.Collect$$libshutdown$$0000000B)
    .ARM.Collect$$libshutdown$$0000000E      0x000002fe   Section        0  libshutdown2.o(.ARM.Collect$$libshutdown$$0000000E)
    .ARM.Collect$$libshutdown$$0000000F      0x000002fe   Section        2  libshutdown2.o(.ARM.Collect$$libshutdown$$0000000F)
    .ARM.Collect$$rtentry$$00000000          0x00000300   Section        0  rtentry.o(.ARM.Collect$$rtentry$$00000000)
    .ARM.Collect$$rtentry$$00000002          0x00000300   Section        0  rtentry2.o(.ARM.Collect$$rtentry$$00000002)
    .ARM.Collect$$rtentry$$00000004          0x00000300   Section        6  rtentry4.o(.ARM.Collect$$rtentry$$00000004)
    .ARM.Collect$$rtentry$$00000009          0x00000306   Section        0  rtentry2.o(.ARM.Collect$$rtentry$$00000009)
    .ARM.Collect$$rtentry$$0000000A          0x00000306   Section        4  rtentry2.o(.ARM.Collect$$rtentry$$0000000A)
    .ARM.Collect$$rtentry$$0000000C          0x0000030a   Section        0  rtentry2.o(.ARM.Collect$$rtentry$$0000000C)
    .ARM.Collect$$rtentry$$0000000D          0x0000030a   Section        8  rtentry2.o(.ARM.Collect$$rtentry$$0000000D)
    .ARM.Collect$$rtexit$$00000000           0x00000312   Section        2  rtexit.o(.ARM.Collect$$rtexit$$00000000)
    .ARM.Collect$$rtexit$$00000002           0x00000314   Section        0  rtexit2.o(.ARM.Collect$$rtexit$$00000002)
    .ARM.Collect$$rtexit$$00000003           0x00000314   Section        4  rtexit2.o(.ARM.Collect$$rtexit$$00000003)
    .ARM.Collect$$rtexit$$00000004           0x00000318   Section        6  rtexit2.o(.ARM.Collect$$rtexit$$00000004)
    .text                                    0x00000320   Section       48  startup.o(.text)
    .text                                    0x00000350   Section        0  heapauxi.o(.text)
    .text                                    0x00000356   Section       74  sys_stackheap_outer.o(.text)
    .text                                    0x000003a0   Section        0  exit.o(.text)
    .text                                    0x000003ac   Section        8  libspace.o(.text)
    .text                                    0x000003b4   Section        0  sys_exit.o(.text)
    .text                                    0x000003c0   Section        2  use_no_semi.o(.text)
    .text                                    0x000003c2   Section        0  indicate_semi.o(.text)
    i.ADC0Seq3_Handler                       0x000003c4   Section        0  adct0atrigger.o(i.ADC0Seq3_Handler)
    i.ADC0_InitTimer0ATriggerSeq3            0x000003ec   Section        0  adct0atrigger.o(i.ADC0_InitTimer0ATriggerSeq3)
    i.Board_Input                            0x0000081c   Section        0  buttons.o(i.Board_Input)
    i.Buttons_Init                           0x00000828   Section        0  buttons.o(i.Buttons_Init)
    i.ECG_Display_Data                       0x000008c8   Section        0  ecg.o(i.ECG_Display_Data)
    i.ECG_Init                               0x00000a78   Section        0  ecg.o(i.ECG_Init)
    i.GPIOPortA_Handler                      0x00000a88   Section        0  ssd2119.o(i.GPIOPortA_Handler)
    i.GPIOPortF_Handler                      0x00000a94   Section        0  edgeinterrupt.o(i.GPIOPortF_Handler)
    i.LCD_ColorFill                          0x00000ab0   Section        0  ssd2119.o(i.LCD_ColorFill)
    i.LCD_DrawFilledRect                     0x00000ac6   Section        0  ssd2119.o(i.LCD_DrawFilledRect)
    i.LCD_DrawLine                           0x00000b18   Section        0  ssd2119.o(i.LCD_DrawLine)
    i.LCD_DrawPixel                          0x00000bc6   Section        0  ssd2119.o(i.LCD_DrawPixel)
    i.LCD_GPIOInit                           0x00000bf4   Section        0  ssd2119.o(i.LCD_GPIOInit)
    i.LCD_Init                               0x00000cd0   Section        0  ssd2119.o(i.LCD_Init)
    i.LCD_PrintChar                          0x00000e74   Section        0  ssd2119.o(i.LCD_PrintChar)
    i.LCD_PrintInteger                       0x00000f34   Section        0  ssd2119.o(i.LCD_PrintInteger)
    i.LCD_PrintString                        0x00000f92   Section        0  ssd2119.o(i.LCD_PrintString)
    i.LCD_SetCursor                          0x00000fac   Section        0  ssd2119.o(i.LCD_SetCursor)
    i.LCD_SetTextColor                       0x00000fc0   Section        0  ssd2119.o(i.LCD_SetTextColor)
    i.LCD_WriteCommand                       0x00000fdc   Section        0  ssd2119.o(i.LCD_WriteCommand)
    i.LCD_WriteData                          0x00001044   Section        0  ssd2119.o(i.LCD_WriteData)
    i.PLL_Init                               0x000010ac   Section        0  pll.o(i.PLL_Init)
    i.Timer0A_Handler                        0x00001128   Section        0  edgeinterrupt.o(i.Timer0A_Handler)
    i.convertColor                           0x00001198   Section        0  ssd2119.o(i.convertColor)
    i.fifo_init                              0x000011ac   Section        0  adct0atrigger.o(i.fifo_init)
    i.fifo_pop                               0x000011c8   Section        0  adct0atrigger.o(i.fifo_pop)
    i.fifo_push                              0x00001208   Section        0  adct0atrigger.o(i.fifo_push)
    i.main                                   0x00001244   Section        0  edgeinterrupt.o(i.main)
    .constdata                               0x00001264   Section      540  ssd2119.o(.constdata)
    ASCII                                    0x00001264   Data         480  ssd2119.o(.constdata)
    .data                                    0x20000000   Section       56  edgeinterrupt.o(.data)
    .data                                    0x20000038   Section       12  buttons.o(.data)
    .data                                    0x20000044   Section       12  ssd2119.o(.data)
    .data                                    0x20000050   Section       12  adct0atrigger.o(.data)
    .bss                                     0x2000005c   Section       44  adct0atrigger.o(.bss)
    .bss                                     0x20000088   Section       96  libspace.o(.bss)
    HEAP                                     0x200000e8   Section        0  startup.o(HEAP)
    STACK                                    0x200000e8   Section     1024  startup.o(STACK)
    HeapMem                                  0x200000e8   Data           0  startup.o(HEAP)
    StackMem                                 0x200000e8   Data           0  startup.o(STACK)

    Global Symbols

    Symbol Name                              Value     Ov Type        Size  Object(Section)

    BuildAttributes$$THM_ISAv4$E$P$D$K$B$S$7EM$PE$A:L22UL41UL21$X:L11$S22US41US21$IEEE1$IW$USESV6$~STKCKD$USESV7$~SHL$OSPACE$ROPI$EBA8$UX$STANDARDLIB$REQ8$PRES8$EABIv2 0x00000000   Number         0  anon$$obj.o ABSOLUTE
    __ARM_use_no_argv                        0x00000000   Number         0  edgeinterrupt.o ABSOLUTE
    __Vectors                                0x00000000   Data           0  startup.o(RESET)
    __ARM_exceptions_init                     - Undefined Weak Reference
    __alloca_initialize                       - Undefined Weak Reference
    __cpp_initialize__aeabi_                  - Undefined Weak Reference
    __cxa_finalize                            - Undefined Weak Reference
    __rt_locale                               - Undefined Weak Reference
    __sigvec_lookup                           - Undefined Weak Reference
    _atexit_init                              - Undefined Weak Reference
    _call_atexit_fns                          - Undefined Weak Reference
    _clock_init                               - Undefined Weak Reference
    _fp_trap_init                             - Undefined Weak Reference
    _fp_trap_shutdown                         - Undefined Weak Reference
    _get_lc_collate                           - Undefined Weak Reference
    _get_lc_ctype                             - Undefined Weak Reference
    _get_lc_monetary                          - Undefined Weak Reference
    _get_lc_numeric                           - Undefined Weak Reference
    _get_lc_time                              - Undefined Weak Reference
    _getenv_init                              - Undefined Weak Reference
    _handle_redirection                       - Undefined Weak Reference
    _init_alloc                               - Undefined Weak Reference
    _init_user_alloc                          - Undefined Weak Reference
    _initio                                   - Undefined Weak Reference
    _rand_init                                - Undefined Weak Reference
    _signal_finish                            - Undefined Weak Reference
    _signal_init                              - Undefined Weak Reference
    _terminate_alloc                          - Undefined Weak Reference
    _terminate_user_alloc                     - Undefined Weak Reference
    _terminateio                              - Undefined Weak Reference
    Reset_Handler                            0x0000026d   Thumb Code     0  startup.o(RESET)
    NMI_Handler                              0x00000271   Thumb Code     2  startup.o(RESET)
    HardFault_Handler                        0x00000273   Thumb Code     2  startup.o(RESET)
    MemManage_Handler                        0x00000275   Thumb Code     2  startup.o(RESET)
    BusFault_Handler                         0x00000277   Thumb Code     2  startup.o(RESET)
    UsageFault_Handler                       0x00000279   Thumb Code     2  startup.o(RESET)
    SVC_Handler                              0x0000027b   Thumb Code     2  startup.o(RESET)
    DebugMon_Handler                         0x0000027d   Thumb Code     2  startup.o(RESET)
    PendSV_Handler                           0x0000027f   Thumb Code     2  startup.o(RESET)
    SysTick_Handler                          0x00000281   Thumb Code     2  startup.o(RESET)
    ADC0Seq0_Handler                         0x00000283   Thumb Code     0  startup.o(RESET)
    ADC0Seq1_Handler                         0x00000283   Thumb Code     0  startup.o(RESET)
    ADC0Seq2_Handler                         0x00000283   Thumb Code     0  startup.o(RESET)
    ADC1Seq0_Handler                         0x00000283   Thumb Code     0  startup.o(RESET)
    ADC1Seq1_Handler                         0x00000283   Thumb Code     0  startup.o(RESET)
    ADC1Seq2_Handler                         0x00000283   Thumb Code     0  startup.o(RESET)
    ADC1Seq3_Handler                         0x00000283   Thumb Code     0  startup.o(RESET)
    CAN0_Handler                             0x00000283   Thumb Code     0  startup.o(RESET)
    CAN1_Handler                             0x00000283   Thumb Code     0  startup.o(RESET)
    CAN2_Handler                             0x00000283   Thumb Code     0  startup.o(RESET)
    Comp0_Handler                            0x00000283   Thumb Code     0  startup.o(RESET)
    Comp1_Handler                            0x00000283   Thumb Code     0  startup.o(RESET)
    Comp2_Handler                            0x00000283   Thumb Code     0  startup.o(RESET)
    Ethernet_Handler                         0x00000283   Thumb Code     0  startup.o(RESET)
    ExtBus_Handler                           0x00000283   Thumb Code     0  startup.o(RESET)
    FPU_Handler                              0x00000283   Thumb Code     0  startup.o(RESET)
    Fan0_Handler                             0x00000283   Thumb Code     0  startup.o(RESET)
    FlashCtl_Handler                         0x00000283   Thumb Code     0  startup.o(RESET)
    GPIOPortB_Handler                        0x00000283   Thumb Code     0  startup.o(RESET)
    GPIOPortC_Handler                        0x00000283   Thumb Code     0  startup.o(RESET)
    GPIOPortD_Handler                        0x00000283   Thumb Code     0  startup.o(RESET)
    GPIOPortE_Handler                        0x00000283   Thumb Code     0  startup.o(RESET)
    GPIOPortG_Handler                        0x00000283   Thumb Code     0  startup.o(RESET)
    GPIOPortH_Handler                        0x00000283   Thumb Code     0  startup.o(RESET)
    GPIOPortJ_Handler                        0x00000283   Thumb Code     0  startup.o(RESET)
    GPIOPortK_Handler                        0x00000283   Thumb Code     0  startup.o(RESET)
    GPIOPortL_Handler                        0x00000283   Thumb Code     0  startup.o(RESET)
    GPIOPortM_Handler                        0x00000283   Thumb Code     0  startup.o(RESET)
    GPIOPortN_Handler                        0x00000283   Thumb Code     0  startup.o(RESET)
    GPIOPortP1_Handler                       0x00000283   Thumb Code     0  startup.o(RESET)
    GPIOPortP2_Handler                       0x00000283   Thumb Code     0  startup.o(RESET)
    GPIOPortP3_Handler                       0x00000283   Thumb Code     0  startup.o(RESET)
    GPIOPortP4_Handler                       0x00000283   Thumb Code     0  startup.o(RESET)
    GPIOPortP5_Handler                       0x00000283   Thumb Code     0  startup.o(RESET)
    GPIOPortP6_Handler                       0x00000283   Thumb Code     0  startup.o(RESET)
    GPIOPortP7_Handler                       0x00000283   Thumb Code     0  startup.o(RESET)
    GPIOPortP_Handler                        0x00000283   Thumb Code     0  startup.o(RESET)
    GPIOPortQ1_Handler                       0x00000283   Thumb Code     0  startup.o(RESET)
    GPIOPortQ2_Handler                       0x00000283   Thumb Code     0  startup.o(RESET)
    GPIOPortQ3_Handler                       0x00000283   Thumb Code     0  startup.o(RESET)
    GPIOPortQ4_Handler                       0x00000283   Thumb Code     0  startup.o(RESET)
    GPIOPortQ5_Handler                       0x00000283   Thumb Code     0  startup.o(RESET)
    GPIOPortQ6_Handler                       0x00000283   Thumb Code     0  startup.o(RESET)
    GPIOPortQ7_Handler                       0x00000283   Thumb Code     0  startup.o(RESET)
    GPIOPortQ_Handler                        0x00000283   Thumb Code     0  startup.o(RESET)
    GPIOPortR_Handler                        0x00000283   Thumb Code     0  startup.o(RESET)
    GPIOPortS_Handler                        0x00000283   Thumb Code     0  startup.o(RESET)
    Hibernate_Handler                        0x00000283   Thumb Code     0  startup.o(RESET)
    I2C0_Handler                             0x00000283   Thumb Code     0  startup.o(RESET)
    I2C1_Handler                             0x00000283   Thumb Code     0  startup.o(RESET)
    I2C2_Handler                             0x00000283   Thumb Code     0  startup.o(RESET)
    I2C3_Handler                             0x00000283   Thumb Code     0  startup.o(RESET)
    I2C4_Handler                             0x00000283   Thumb Code     0  startup.o(RESET)
    I2C5_Handler                             0x00000283   Thumb Code     0  startup.o(RESET)
    I2S0_Handler                             0x00000283   Thumb Code     0  startup.o(RESET)
    LPC0_Handler                             0x00000283   Thumb Code     0  startup.o(RESET)
    PECI0_Handler                            0x00000283   Thumb Code     0  startup.o(RESET)
    PWM0Fault_Handler                        0x00000283   Thumb Code     0  startup.o(RESET)
    PWM0Generator0_Handler                   0x00000283   Thumb Code     0  startup.o(RESET)
    PWM0Generator1_Handler                   0x00000283   Thumb Code     0  startup.o(RESET)
    PWM0Generator2_Handler                   0x00000283   Thumb Code     0  startup.o(RESET)
    PWM0Generator3_Handler                   0x00000283   Thumb Code     0  startup.o(RESET)
    PWM1Fault_Handler                        0x00000283   Thumb Code     0  startup.o(RESET)
    PWM1Generator0_Handler                   0x00000283   Thumb Code     0  startup.o(RESET)
    PWM1Generator1_Handler                   0x00000283   Thumb Code     0  startup.o(RESET)
    PWM1Generator2_Handler                   0x00000283   Thumb Code     0  startup.o(RESET)
    PWM1Generator3_Handler                   0x00000283   Thumb Code     0  startup.o(RESET)
    Quadrature0_Handler                      0x00000283   Thumb Code     0  startup.o(RESET)
    Quadrature1_Handler                      0x00000283   Thumb Code     0  startup.o(RESET)
    Quadrature2_Handler                      0x00000283   Thumb Code     0  startup.o(RESET)
    SSI0_Handler                             0x00000283   Thumb Code     0  startup.o(RESET)
    SSI1_Handler                             0x00000283   Thumb Code     0  startup.o(RESET)
    SSI2_Handler                             0x00000283   Thumb Code     0  startup.o(RESET)
    SSI3_Handler                             0x00000283   Thumb Code     0  startup.o(RESET)
    SysCtl_Handler                           0x00000283   Thumb Code     0  startup.o(RESET)
    Timer0B_Handler                          0x00000283   Thumb Code     0  startup.o(RESET)
    Timer1A_Handler                          0x00000283   Thumb Code     0  startup.o(RESET)
    Timer1B_Handler                          0x00000283   Thumb Code     0  startup.o(RESET)
    Timer2A_Handler                          0x00000283   Thumb Code     0  startup.o(RESET)
    Timer2B_Handler                          0x00000283   Thumb Code     0  startup.o(RESET)
    Timer3A_Handler                          0x00000283   Thumb Code     0  startup.o(RESET)
    Timer3B_Handler                          0x00000283   Thumb Code     0  startup.o(RESET)
    Timer4A_Handler                          0x00000283   Thumb Code     0  startup.o(RESET)
    Timer4B_Handler                          0x00000283   Thumb Code     0  startup.o(RESET)
    Timer5A_Handler                          0x00000283   Thumb Code     0  startup.o(RESET)
    Timer5B_Handler                          0x00000283   Thumb Code     0  startup.o(RESET)
    UART0_Handler                            0x00000283   Thumb Code     0  startup.o(RESET)
    UART1_Handler                            0x00000283   Thumb Code     0  startup.o(RESET)
    UART2_Handler                            0x00000283   Thumb Code     0  startup.o(RESET)
    UART3_Handler                            0x00000283   Thumb Code     0  startup.o(RESET)
    UART4_Handler                            0x00000283   Thumb Code     0  startup.o(RESET)
    UART5_Handler                            0x00000283   Thumb Code     0  startup.o(RESET)
    UART6_Handler                            0x00000283   Thumb Code     0  startup.o(RESET)
    UART7_Handler                            0x00000283   Thumb Code     0  startup.o(RESET)
    USB0_Handler                             0x00000283   Thumb Code     0  startup.o(RESET)
    WDT_Handler                              0x00000283   Thumb Code     0  startup.o(RESET)
    WideTimer0A_Handler                      0x00000283   Thumb Code     0  startup.o(RESET)
    WideTimer0B_Handler                      0x00000283   Thumb Code     0  startup.o(RESET)
    WideTimer1A_Handler                      0x00000283   Thumb Code     0  startup.o(RESET)
    WideTimer1B_Handler                      0x00000283   Thumb Code     0  startup.o(RESET)
    WideTimer2A_Handler                      0x00000283   Thumb Code     0  startup.o(RESET)
    WideTimer2B_Handler                      0x00000283   Thumb Code     0  startup.o(RESET)
    WideTimer3A_Handler                      0x00000283   Thumb Code     0  startup.o(RESET)
    WideTimer3B_Handler                      0x00000283   Thumb Code     0  startup.o(RESET)
    WideTimer4A_Handler                      0x00000283   Thumb Code     0  startup.o(RESET)
    WideTimer4B_Handler                      0x00000283   Thumb Code     0  startup.o(RESET)
    WideTimer5A_Handler                      0x00000283   Thumb Code     0  startup.o(RESET)
    WideTimer5B_Handler                      0x00000283   Thumb Code     0  startup.o(RESET)
    uDMA_Error                               0x00000283   Thumb Code     0  startup.o(RESET)
    uDMA_Handler                             0x00000283   Thumb Code     0  startup.o(RESET)
    __main                                   0x00000285   Thumb Code     8  __main.o(!!!main)
    __scatterload                            0x0000028d   Thumb Code     0  __scatter.o(!!!scatter)
    __scatterload_rt2                        0x0000028d   Thumb Code    44  __scatter.o(!!!scatter)
    __scatterload_rt2_thumb_only             0x0000028d   Thumb Code     0  __scatter.o(!!!scatter)
    __scatterload_null                       0x0000029b   Thumb Code     0  __scatter.o(!!!scatter)
    __scatterload_copy                       0x000002c1   Thumb Code    26  __scatter_copy.o(!!handler_copy)
    __scatterload_zeroinit                   0x000002dd   Thumb Code    28  __scatter_zi.o(!!handler_zi)
    __rt_lib_init                            0x000002f9   Thumb Code     0  libinit.o(.ARM.Collect$$libinit$$00000000)
    __rt_lib_init_alloca_1                   0x000002fb   Thumb Code     0  libinit2.o(.ARM.Collect$$libinit$$0000002C)
    __rt_lib_init_argv_1                     0x000002fb   Thumb Code     0  libinit2.o(.ARM.Collect$$libinit$$0000002A)
    __rt_lib_init_atexit_1                   0x000002fb   Thumb Code     0  libinit2.o(.ARM.Collect$$libinit$$00000019)
    __rt_lib_init_clock_1                    0x000002fb   Thumb Code     0  libinit2.o(.ARM.Collect$$libinit$$0000001F)
    __rt_lib_init_cpp_1                      0x000002fb   Thumb Code     0  libinit2.o(.ARM.Collect$$libinit$$00000030)
    __rt_lib_init_exceptions_1               0x000002fb   Thumb Code     0  libinit2.o(.ARM.Collect$$libinit$$0000002E)
    __rt_lib_init_fp_1                       0x000002fb   Thumb Code     0  libinit2.o(.ARM.Collect$$libinit$$00000002)
    __rt_lib_init_fp_trap_1                  0x000002fb   Thumb Code     0  libinit2.o(.ARM.Collect$$libinit$$0000001D)
    __rt_lib_init_getenv_1                   0x000002fb   Thumb Code     0  libinit2.o(.ARM.Collect$$libinit$$00000021)
    __rt_lib_init_heap_1                     0x000002fb   Thumb Code     0  libinit2.o(.ARM.Collect$$libinit$$00000008)
    __rt_lib_init_lc_collate_1               0x000002fb   Thumb Code     0  libinit2.o(.ARM.Collect$$libinit$$0000000F)
    __rt_lib_init_lc_ctype_1                 0x000002fb   Thumb Code     0  libinit2.o(.ARM.Collect$$libinit$$00000011)
    __rt_lib_init_lc_monetary_1              0x000002fb   Thumb Code     0  libinit2.o(.ARM.Collect$$libinit$$00000013)
    __rt_lib_init_lc_numeric_1               0x000002fb   Thumb Code     0  libinit2.o(.ARM.Collect$$libinit$$00000015)
    __rt_lib_init_lc_time_1                  0x000002fb   Thumb Code     0  libinit2.o(.ARM.Collect$$libinit$$00000017)
    __rt_lib_init_rand_1                     0x000002fb   Thumb Code     0  libinit2.o(.ARM.Collect$$libinit$$0000000C)
    __rt_lib_init_return                     0x000002fb   Thumb Code     0  libinit2.o(.ARM.Collect$$libinit$$00000031)
    __rt_lib_init_signal_1                   0x000002fb   Thumb Code     0  libinit2.o(.ARM.Collect$$libinit$$0000001B)
    __rt_lib_init_stdio_1                    0x000002fb   Thumb Code     0  libinit2.o(.ARM.Collect$$libinit$$00000023)
    __rt_lib_init_user_alloc_1               0x000002fb   Thumb Code     0  libinit2.o(.ARM.Collect$$libinit$$0000000A)
    __rt_lib_shutdown                        0x000002fd   Thumb Code     0  libshutdown.o(.ARM.Collect$$libshutdown$$00000000)
    __rt_lib_shutdown_fp_trap_1              0x000002ff   Thumb Code     0  libshutdown2.o(.ARM.Collect$$libshutdown$$00000006)
    __rt_lib_shutdown_heap_1                 0x000002ff   Thumb Code     0  libshutdown2.o(.ARM.Collect$$libshutdown$$0000000E)
    __rt_lib_shutdown_return                 0x000002ff   Thumb Code     0  libshutdown2.o(.ARM.Collect$$libshutdown$$0000000F)
    __rt_lib_shutdown_signal_1               0x000002ff   Thumb Code     0  libshutdown2.o(.ARM.Collect$$libshutdown$$00000009)
    __rt_lib_shutdown_stdio_1                0x000002ff   Thumb Code     0  libshutdown2.o(.ARM.Collect$$libshutdown$$00000003)
    __rt_lib_shutdown_user_alloc_1           0x000002ff   Thumb Code     0  libshutdown2.o(.ARM.Collect$$libshutdown$$0000000B)
    __rt_entry                               0x00000301   Thumb Code     0  rtentry.o(.ARM.Collect$$rtentry$$00000000)
    __rt_entry_presh_1                       0x00000301   Thumb Code     0  rtentry2.o(.ARM.Collect$$rtentry$$00000002)
    __rt_entry_sh                            0x00000301   Thumb Code     0  rtentry4.o(.ARM.Collect$$rtentry$$00000004)
    __rt_entry_li                            0x00000307   Thumb Code     0  rtentry2.o(.ARM.Collect$$rtentry$$0000000A)
    __rt_entry_postsh_1                      0x00000307   Thumb Code     0  rtentry2.o(.ARM.Collect$$rtentry$$00000009)
    __rt_entry_main                          0x0000030b   Thumb Code     0  rtentry2.o(.ARM.Collect$$rtentry$$0000000D)
    __rt_entry_postli_1                      0x0000030b   Thumb Code     0  rtentry2.o(.ARM.Collect$$rtentry$$0000000C)
    __rt_exit                                0x00000313   Thumb Code     0  rtexit.o(.ARM.Collect$$rtexit$$00000000)
    __rt_exit_ls                             0x00000315   Thumb Code     0  rtexit2.o(.ARM.Collect$$rtexit$$00000003)
    __rt_exit_prels_1                        0x00000315   Thumb Code     0  rtexit2.o(.ARM.Collect$$rtexit$$00000002)
    __rt_exit_exit                           0x00000319   Thumb Code     0  rtexit2.o(.ARM.Collect$$rtexit$$00000004)
    DisableInterrupts                        0x00000321   Thumb Code     0  startup.o(.text)
    EnableInterrupts                         0x00000325   Thumb Code     0  startup.o(.text)
    StartCritical                            0x00000329   Thumb Code     0  startup.o(.text)
    EndCritical                              0x00000331   Thumb Code     0  startup.o(.text)
    WaitForInterrupt                         0x00000337   Thumb Code     0  startup.o(.text)
    __user_initial_stackheap                 0x0000033b   Thumb Code     0  startup.o(.text)
    __use_two_region_memory                  0x00000351   Thumb Code     2  heapauxi.o(.text)
    __rt_heap_escrow$2region                 0x00000353   Thumb Code     2  heapauxi.o(.text)
    __rt_heap_expand$2region                 0x00000355   Thumb Code     2  heapauxi.o(.text)
    __user_setup_stackheap                   0x00000357   Thumb Code    74  sys_stackheap_outer.o(.text)
    exit                                     0x000003a1   Thumb Code    12  exit.o(.text)
    __user_libspace                          0x000003ad   Thumb Code     8  libspace.o(.text)
    __user_perproc_libspace                  0x000003ad   Thumb Code     0  libspace.o(.text)
    __user_perthread_libspace                0x000003ad   Thumb Code     0  libspace.o(.text)
    _sys_exit                                0x000003b5   Thumb Code     8  sys_exit.o(.text)
    __I$use$semihosting                      0x000003c1   Thumb Code     0  use_no_semi.o(.text)
    __use_no_semihosting_swi                 0x000003c1   Thumb Code     2  use_no_semi.o(.text)
    __semihosting_library_function           0x000003c3   Thumb Code     0  indicate_semi.o(.text)
    ADC0Seq3_Handler                         0x000003c5   Thumb Code    26  adct0atrigger.o(i.ADC0Seq3_Handler)
    ADC0_InitTimer0ATriggerSeq3              0x000003ed   Thumb Code  1020  adct0atrigger.o(i.ADC0_InitTimer0ATriggerSeq3)
    Board_Input                              0x0000081d   Thumb Code     6  buttons.o(i.Board_Input)
    Buttons_Init                             0x00000829   Thumb Code   134  buttons.o(i.Buttons_Init)
    ECG_Display_Data                         0x000008c9   Thumb Code   426  ecg.o(i.ECG_Display_Data)
    ECG_Init                                 0x00000a79   Thumb Code    12  ecg.o(i.ECG_Init)
    GPIOPortA_Handler                        0x00000a89   Thumb Code     8  ssd2119.o(i.GPIOPortA_Handler)
    GPIOPortF_Handler                        0x00000a95   Thumb Code    18  edgeinterrupt.o(i.GPIOPortF_Handler)
    LCD_ColorFill                            0x00000ab1   Thumb Code    22  ssd2119.o(i.LCD_ColorFill)
    LCD_DrawFilledRect                       0x00000ac7   Thumb Code    82  ssd2119.o(i.LCD_DrawFilledRect)
    LCD_DrawLine                             0x00000b19   Thumb Code   174  ssd2119.o(i.LCD_DrawLine)
    LCD_DrawPixel                            0x00000bc7   Thumb Code    46  ssd2119.o(i.LCD_DrawPixel)
    LCD_GPIOInit                             0x00000bf5   Thumb Code   170  ssd2119.o(i.LCD_GPIOInit)
    LCD_Init                                 0x00000cd1   Thumb Code   416  ssd2119.o(i.LCD_Init)
    LCD_PrintChar                            0x00000e75   Thumb Code   176  ssd2119.o(i.LCD_PrintChar)
    LCD_PrintInteger                         0x00000f35   Thumb Code    94  ssd2119.o(i.LCD_PrintInteger)
    LCD_PrintString                          0x00000f93   Thumb Code    26  ssd2119.o(i.LCD_PrintString)
    LCD_SetCursor                            0x00000fad   Thumb Code    10  ssd2119.o(i.LCD_SetCursor)
    LCD_SetTextColor                         0x00000fc1   Thumb Code    24  ssd2119.o(i.LCD_SetTextColor)
    LCD_WriteCommand                         0x00000fdd   Thumb Code    92  ssd2119.o(i.LCD_WriteCommand)
    LCD_WriteData                            0x00001045   Thumb Code    92  ssd2119.o(i.LCD_WriteData)
    PLL_Init                                 0x000010ad   Thumb Code   118  pll.o(i.PLL_Init)
    Timer0A_Handler                          0x00001129   Thumb Code    90  edgeinterrupt.o(i.Timer0A_Handler)
    convertColor                             0x00001199   Thumb Code    20  ssd2119.o(i.convertColor)
    fifo_init                                0x000011ad   Thumb Code    22  adct0atrigger.o(i.fifo_init)
    fifo_pop                                 0x000011c9   Thumb Code    52  adct0atrigger.o(i.fifo_pop)
    fifo_push                                0x00001209   Thumb Code    46  adct0atrigger.o(i.fifo_push)
    main                                     0x00001245   Thumb Code    32  edgeinterrupt.o(i.main)
    Color4                                   0x00001444   Data          32  ssd2119.o(.constdata)
    Region$$Table$$Base                      0x00001480   Number         0  anon$$obj.o(Region$$Table)
    Region$$Table$$Limit                     0x000014a0   Number         0  anon$$obj.o(Region$$Table)
    snooze_flag                              0x20000000   Data           4  edgeinterrupt.o(.data)
    alarm_on_flag                            0x20000004   Data           4  edgeinterrupt.o(.data)
    alarm_flag                               0x20000008   Data           4  edgeinterrupt.o(.data)
    time                                     0x2000000c   Data           4  edgeinterrupt.o(.data)
    seconds                                  0x20000010   Data           4  edgeinterrupt.o(.data)
    time_changed_flag                        0x20000014   Data           4  edgeinterrupt.o(.data)
    milliseconds                             0x20000018   Data           4  edgeinterrupt.o(.data)
    hour                                     0x2000001c   Data           4  edgeinterrupt.o(.data)
    minute                                   0x20000020   Data           4  edgeinterrupt.o(.data)
    alarm_hour                               0x20000024   Data           4  edgeinterrupt.o(.data)
    alarm_minute                             0x20000028   Data           4  edgeinterrupt.o(.data)
    set_Display                              0x2000002c   Data           4  edgeinterrupt.o(.data)
    FallingEdges                             0x20000030   Data           4  edgeinterrupt.o(.data)
    snooze_counter                           0x20000034   Data           4  edgeinterrupt.o(.data)
    previous_press                           0x20000038   Data           4  buttons.o(.data)
    debounce                                 0x2000003c   Data           8  buttons.o(.data)
    Touch_WaitForInput                       0x20000044   Data           1  ssd2119.o(.data)
    cursorX                                  0x20000046   Data           2  ssd2119.o(.data)
    cursorY                                  0x20000048   Data           2  ssd2119.o(.data)
    textColor                                0x2000004a   Data           2  ssd2119.o(.data)
    Touch_XVal                               0x2000004c   Data           2  ssd2119.o(.data)
    Touch_YVal                               0x2000004e   Data           2  ssd2119.o(.data)
    fifoStart                                0x20000050   Data           4  adct0atrigger.o(.data)
    fifoEnd                                  0x20000054   Data           4  adct0atrigger.o(.data)
    ADCvalue                                 0x20000058   Data           4  adct0atrigger.o(.data)
    fifo                                     0x2000005c   Data          44  adct0atrigger.o(.bss)
    __libspace_start                         0x20000088   Data          96  libspace.o(.bss)
    __temporary_stack_top$libspace           0x200000e8   Data           0  libspace.o(.bss)



==============================================================================

Memory Map of the image

  Image Entry point : 0x0000026d

  Load Region LR_1 (Base: 0x00000000, Size: 0x000014fc, Max: 0xffffffff, ABSOLUTE)

    Execution Region ER_RO (Base: 0x00000000, Size: 0x000014a0, Max: 0xffffffff, ABSOLUTE)

    Base Addr    Size         Type   Attr      Idx    E Section Name        Object

    0x00000000   0x00000284   Code   RO            3  * RESET               startup.o
    0x00000284   0x00000008   Code   RO          592  * !!!main             c_w.l(__main.o)
    0x0000028c   0x00000034   Code   RO          789    !!!scatter          c_w.l(__scatter.o)
    0x000002c0   0x0000001a   Code   RO          791    !!handler_copy      c_w.l(__scatter_copy.o)
    0x000002da   0x00000002   PAD
    0x000002dc   0x0000001c   Code   RO          793    !!handler_zi        c_w.l(__scatter_zi.o)
    0x000002f8   0x00000002   Code   RO          662    .ARM.Collect$$libinit$$00000000  c_w.l(libinit.o)
    0x000002fa   0x00000000   Code   RO          669    .ARM.Collect$$libinit$$00000002  c_w.l(libinit2.o)
    0x000002fa   0x00000000   Code   RO          672    .ARM.Collect$$libinit$$00000008  c_w.l(libinit2.o)
    0x000002fa   0x00000000   Code   RO          674    .ARM.Collect$$libinit$$0000000A  c_w.l(libinit2.o)
    0x000002fa   0x00000000   Code   RO          676    .ARM.Collect$$libinit$$0000000C  c_w.l(libinit2.o)
    0x000002fa   0x00000000   Code   RO          679    .ARM.Collect$$libinit$$0000000F  c_w.l(libinit2.o)
    0x000002fa   0x00000000   Code   RO          681    .ARM.Collect$$libinit$$00000011  c_w.l(libinit2.o)
    0x000002fa   0x00000000   Code   RO          683    .ARM.Collect$$libinit$$00000013  c_w.l(libinit2.o)
    0x000002fa   0x00000000   Code   RO          685    .ARM.Collect$$libinit$$00000015  c_w.l(libinit2.o)
    0x000002fa   0x00000000   Code   RO          687    .ARM.Collect$$libinit$$00000017  c_w.l(libinit2.o)
    0x000002fa   0x00000000   Code   RO          689    .ARM.Collect$$libinit$$00000019  c_w.l(libinit2.o)
    0x000002fa   0x00000000   Code   RO          691    .ARM.Collect$$libinit$$0000001B  c_w.l(libinit2.o)
    0x000002fa   0x00000000   Code   RO          693    .ARM.Collect$$libinit$$0000001D  c_w.l(libinit2.o)
    0x000002fa   0x00000000   Code   RO          695    .ARM.Collect$$libinit$$0000001F  c_w.l(libinit2.o)
    0x000002fa   0x00000000   Code   RO          697    .ARM.Collect$$libinit$$00000021  c_w.l(libinit2.o)
    0x000002fa   0x00000000   Code   RO          699    .ARM.Collect$$libinit$$00000023  c_w.l(libinit2.o)
    0x000002fa   0x00000000   Code   RO          703    .ARM.Collect$$libinit$$0000002A  c_w.l(libinit2.o)
    0x000002fa   0x00000000   Code   RO          705    .ARM.Collect$$libinit$$0000002C  c_w.l(libinit2.o)
    0x000002fa   0x00000000   Code   RO          707    .ARM.Collect$$libinit$$0000002E  c_w.l(libinit2.o)
    0x000002fa   0x00000000   Code   RO          709    .ARM.Collect$$libinit$$00000030  c_w.l(libinit2.o)
    0x000002fa   0x00000002   Code   RO          710    .ARM.Collect$$libinit$$00000031  c_w.l(libinit2.o)
    0x000002fc   0x00000002   Code   RO          730    .ARM.Collect$$libshutdown$$00000000  c_w.l(libshutdown.o)
    0x000002fe   0x00000000   Code   RO          744    .ARM.Collect$$libshutdown$$00000003  c_w.l(libshutdown2.o)
    0x000002fe   0x00000000   Code   RO          747    .ARM.Collect$$libshutdown$$00000006  c_w.l(libshutdown2.o)
    0x000002fe   0x00000000   Code   RO          750    .ARM.Collect$$libshutdown$$00000009  c_w.l(libshutdown2.o)
    0x000002fe   0x00000000   Code   RO          752    .ARM.Collect$$libshutdown$$0000000B  c_w.l(libshutdown2.o)
    0x000002fe   0x00000000   Code   RO          755    .ARM.Collect$$libshutdown$$0000000E  c_w.l(libshutdown2.o)
    0x000002fe   0x00000002   Code   RO          756    .ARM.Collect$$libshutdown$$0000000F  c_w.l(libshutdown2.o)
    0x00000300   0x00000000   Code   RO          628    .ARM.Collect$$rtentry$$00000000  c_w.l(rtentry.o)
    0x00000300   0x00000000   Code   RO          639    .ARM.Collect$$rtentry$$00000002  c_w.l(rtentry2.o)
    0x00000300   0x00000006   Code   RO          651    .ARM.Collect$$rtentry$$00000004  c_w.l(rtentry4.o)
    0x00000306   0x00000000   Code   RO          641    .ARM.Collect$$rtentry$$00000009  c_w.l(rtentry2.o)
    0x00000306   0x00000004   Code   RO          642    .ARM.Collect$$rtentry$$0000000A  c_w.l(rtentry2.o)
    0x0000030a   0x00000000   Code   RO          644    .ARM.Collect$$rtentry$$0000000C  c_w.l(rtentry2.o)
    0x0000030a   0x00000008   Code   RO          645    .ARM.Collect$$rtentry$$0000000D  c_w.l(rtentry2.o)
    0x00000312   0x00000002   Code   RO          666    .ARM.Collect$$rtexit$$00000000  c_w.l(rtexit.o)
    0x00000314   0x00000000   Code   RO          712    .ARM.Collect$$rtexit$$00000002  c_w.l(rtexit2.o)
    0x00000314   0x00000004   Code   RO          713    .ARM.Collect$$rtexit$$00000003  c_w.l(rtexit2.o)
    0x00000318   0x00000006   Code   RO          714    .ARM.Collect$$rtexit$$00000004  c_w.l(rtexit2.o)
    0x0000031e   0x00000002   PAD
    0x00000320   0x00000030   Code   RO            4    .text               startup.o
    0x00000350   0x00000006   Code   RO          590    .text               c_w.l(heapauxi.o)
    0x00000356   0x0000004a   Code   RO          653    .text               c_w.l(sys_stackheap_outer.o)
    0x000003a0   0x0000000c   Code   RO          655    .text               c_w.l(exit.o)
    0x000003ac   0x00000008   Code   RO          663    .text               c_w.l(libspace.o)
    0x000003b4   0x0000000c   Code   RO          722    .text               c_w.l(sys_exit.o)
    0x000003c0   0x00000002   Code   RO          733    .text               c_w.l(use_no_semi.o)
    0x000003c2   0x00000000   Code   RO          735    .text               c_w.l(indicate_semi.o)
    0x000003c2   0x00000002   PAD
    0x000003c4   0x00000028   Code   RO          515    i.ADC0Seq3_Handler  adct0atrigger.o
    0x000003ec   0x00000430   Code   RO          516    i.ADC0_InitTimer0ATriggerSeq3  adct0atrigger.o
    0x0000081c   0x0000000c   Code   RO          191    i.Board_Input       buttons.o
    0x00000828   0x000000a0   Code   RO          193    i.Buttons_Init      buttons.o
    0x000008c8   0x000001b0   Code   RO          121    i.ECG_Display_Data  ecg.o
    0x00000a78   0x00000010   Code   RO          124    i.ECG_Init          ecg.o
    0x00000a88   0x0000000c   Code   RO          286    i.GPIOPortA_Handler  ssd2119.o
    0x00000a94   0x0000001c   Code   RO           13    i.GPIOPortF_Handler  edgeinterrupt.o
    0x00000ab0   0x00000016   Code   RO          287    i.LCD_ColorFill     ssd2119.o
    0x00000ac6   0x00000052   Code   RO          291    i.LCD_DrawFilledRect  ssd2119.o
    0x00000b18   0x000000ae   Code   RO          293    i.LCD_DrawLine      ssd2119.o
    0x00000bc6   0x0000002e   Code   RO          294    i.LCD_DrawPixel     ssd2119.o
    0x00000bf4   0x000000dc   Code   RO          297    i.LCD_GPIOInit      ssd2119.o
    0x00000cd0   0x000001a4   Code   RO          299    i.LCD_Init          ssd2119.o
    0x00000e74   0x000000c0   Code   RO          301    i.LCD_PrintChar     ssd2119.o
    0x00000f34   0x0000005e   Code   RO          304    i.LCD_PrintInteger  ssd2119.o
    0x00000f92   0x0000001a   Code   RO          305    i.LCD_PrintString   ssd2119.o
    0x00000fac   0x00000014   Code   RO          306    i.LCD_SetCursor     ssd2119.o
    0x00000fc0   0x0000001c   Code   RO          307    i.LCD_SetTextColor  ssd2119.o
    0x00000fdc   0x00000068   Code   RO          308    i.LCD_WriteCommand  ssd2119.o
    0x00001044   0x00000068   Code   RO          309    i.LCD_WriteData     ssd2119.o
    0x000010ac   0x0000007c   Code   RO          108    i.PLL_Init          pll.o
    0x00001128   0x00000070   Code   RO           14    i.Timer0A_Handler   edgeinterrupt.o
    0x00001198   0x00000014   Code   RO          318    i.convertColor      ssd2119.o
    0x000011ac   0x0000001c   Code   RO          522    i.fifo_init         adct0atrigger.o
    0x000011c8   0x00000040   Code   RO          523    i.fifo_pop          adct0atrigger.o
    0x00001208   0x0000003c   Code   RO          524    i.fifo_push         adct0atrigger.o
    0x00001244   0x00000020   Code   RO           16    i.main              edgeinterrupt.o
    0x00001264   0x0000021c   Data   RO          320    .constdata          ssd2119.o
    0x00001480   0x00000020   Data   RO          787    Region$$Table       anon$$obj.o


    Execution Region ER_RW (Base: 0x20000000, Size: 0x0000005c, Max: 0xffffffff, ABSOLUTE)

    Base Addr    Size         Type   Attr      Idx    E Section Name        Object

    0x20000000   0x00000038   Data   RW           18    .data               edgeinterrupt.o
    0x20000038   0x0000000c   Data   RW          205    .data               buttons.o
    0x20000044   0x0000000c   Data   RW          321    .data               ssd2119.o
    0x20000050   0x0000000c   Data   RW          527    .data               adct0atrigger.o


    Execution Region ER_ZI (Base: 0x2000005c, Size: 0x0000048c, Max: 0xffffffff, ABSOLUTE)

    Base Addr    Size         Type   Attr      Idx    E Section Name        Object

    0x2000005c   0x0000002c   Zero   RW          525    .bss                adct0atrigger.o
    0x20000088   0x00000060   Zero   RW          664    .bss                c_w.l(libspace.o)
    0x200000e8   0x00000000   Zero   RW            2    HEAP                startup.o
    0x200000e8   0x00000400   Zero   RW            1    STACK               startup.o


==============================================================================

Image component sizes


      Code (inc. data)   RO Data    RW Data    ZI Data      Debug   Object Name

      1264        122          0         12         44       4411   adct0atrigger.o
       172         32          0         12          0       1839   buttons.o
       448         10          0          0          0       2014   ecg.o
       172         32          0         56          0       7280   edgeinterrupt.o
       124          6          0          0          0        451   pll.o
      1564        112        540         12          0      12100   ssd2119.o
       692        632          0          0       1024        980   startup.o

    ----------------------------------------------------------------------
      4436        946        572         92       1068      29075   Object Totals
         0          0         32          0          0          0   (incl. Generated)
         0          0          0          0          0          0   (incl. Padding)

    ----------------------------------------------------------------------

      Code (inc. data)   RO Data    RW Data    ZI Data      Debug   Library Member Name

         8          0          0          0          0         68   __main.o
        52          8          0          0          0          0   __scatter.o
        26          0          0          0          0          0   __scatter_copy.o
        28          0          0          0          0          0   __scatter_zi.o
        12          0          0          0          0         72   exit.o
         6          0          0          0          0        152   heapauxi.o
         0          0          0          0          0          0   indicate_semi.o
         2          0          0          0          0          0   libinit.o
         2          0          0          0          0          0   libinit2.o
         2          0          0          0          0          0   libshutdown.o
         2          0          0          0          0          0   libshutdown2.o
         8          4          0          0         96         68   libspace.o
         0          0          0          0          0          0   rtentry.o
        12          0          0          0          0          0   rtentry2.o
         6          0          0          0          0          0   rtentry4.o
         2          0          0          0          0          0   rtexit.o
        10          0          0          0          0          0   rtexit2.o
        12          4          0          0          0         68   sys_exit.o
        74          0          0          0          0         80   sys_stackheap_outer.o
         2          0          0          0          0         68   use_no_semi.o

    ----------------------------------------------------------------------
       272         16          0          0         96        576   Library Totals
         6          0          0          0          0          0   (incl. Padding)

    ----------------------------------------------------------------------

      Code (inc. data)   RO Data    RW Data    ZI Data      Debug   Library Name

       266         16          0          0         96        576   c_w.l

    ----------------------------------------------------------------------
       272         16          0          0         96        576   Library Totals

    ----------------------------------------------------------------------

==============================================================================


      Code (inc. data)   RO Data    RW Data    ZI Data      Debug   

      4708        962        572         92       1164      28039   Grand Totals
      4708        962        572         92       1164      28039   ELF Image Totals
      4708        962        572         92          0          0   ROM Totals

==============================================================================

    Total RO  Size (Code + RO Data)                 5280 (   5.16kB)
    Total RW  Size (RW Data + ZI Data)              1256 (   1.23kB)
    Total ROM Size (Code + RO Data + RW Data)       5372 (   5.25kB)

==============================================================================

