ARM Linker, 5.03 [Build 76] [MDK-ARM Professional]

==============================================================================

Section Cross References

    startup.o(RESET) refers to startup.o(STACK) for StackMem
    startup.o(RESET) refers to ssd2119.o(i.GPIOPortA_Handler) for GPIOPortA_Handler
    startup.o(RESET) refers to adct0atrigger.o(i.ADC0Seq3_Handler) for ADC0Seq3_Handler
    startup.o(RESET) refers to entry.o(.ARM.Collect$$$$00000000) for __main
    adct0atrigger.o(i.ADC0Seq3_Handler) refers to adct0atrigger.o(i.fifo_push) for fifo_push
    adct0atrigger.o(i.ADC0Seq3_Handler) refers to adct0atrigger.o(.data) for ADCvalue
    adct0atrigger.o(i.ADC0_InitTimer0ATriggerSeq3) refers to adct0atrigger.o(i.fifo_init) for fifo_init
    adct0atrigger.o(i.ADC0_InitTimer0ATriggerSeq3) refers to startup.o(.text) for DisableInterrupts
    adct0atrigger.o(i.fifo_CurrentValue) refers to adct0atrigger.o(.bss) for fifo
    adct0atrigger.o(i.fifo_CurrentValue) refers to adct0atrigger.o(.data) for fifoStart
    adct0atrigger.o(i.fifo_Get) refers to adct0atrigger.o(.bss) for fifo
    adct0atrigger.o(i.fifo_empty) refers to adct0atrigger.o(.data) for fifoEnd
    adct0atrigger.o(i.fifo_full) refers to adct0atrigger.o(.data) for fifoEnd
    adct0atrigger.o(i.fifo_init) refers to adct0atrigger.o(.bss) for fifo
    adct0atrigger.o(i.fifo_pop) refers to adct0atrigger.o(.data) for fifoStart
    adct0atrigger.o(i.fifo_pop) refers to adct0atrigger.o(.bss) for fifo
    adct0atrigger.o(i.fifo_push) refers to adct0atrigger.o(.data) for fifoEnd
    adct0atrigger.o(i.fifo_push) refers to adct0atrigger.o(.bss) for fifo
    adctestmain.o(i.main) refers to pll.o(i.PLL_Init) for PLL_Init
    adctestmain.o(i.main) refers to ssd2119.o(i.LCD_Init) for LCD_Init
    adctestmain.o(i.main) refers to uart.o(i.UART_Init) for UART_Init
    adctestmain.o(i.main) refers to adct0atrigger.o(i.ADC0_InitTimer0ATriggerSeq3) for ADC0_InitTimer0ATriggerSeq3
    adctestmain.o(i.main) refers to startup.o(.text) for EnableInterrupts
    adctestmain.o(i.main) refers to uart.o(i.UART_OutString) for UART_OutString
    adctestmain.o(i.main) refers to adct0atrigger.o(i.fifo_full) for fifo_full
    adctestmain.o(i.main) refers to adct0atrigger.o(i.fifo_Get) for fifo_Get
    adctestmain.o(i.main) refers to uart.o(i.UART_OutUDec) for UART_OutUDec
    adctestmain.o(i.main) refers to ssd2119.o(i.LCD_ColorFill) for LCD_ColorFill
    adctestmain.o(i.main) refers to adct0atrigger.o(i.fifo_pop) for fifo_pop
    adctestmain.o(i.main) refers to ssd2119.o(i.LCD_SetCursor) for LCD_SetCursor
    adctestmain.o(i.main) refers to ssd2119.o(i.LCD_PrintInteger) for LCD_PrintInteger
    adctestmain.o(i.main) refers to calib.o(i.Temperature_Convert) for Temperature_Convert
    adctestmain.o(i.main) refers to ssd2119.o(i.LCD_PrintString) for LCD_PrintString
    adctestmain.o(i.main) refers to ssd2119.o(i.LCD_DrawPixel) for LCD_DrawPixel
    adctestmain.o(i.main) refers to adct0atrigger.o(.constdata) for size
    ssd2119.o(i.LCD_ColorFill) refers to ssd2119.o(i.LCD_DrawFilledRect) for LCD_DrawFilledRect
    ssd2119.o(i.LCD_DrawBMP) refers to ssd2119.o(i.LCD_WriteCommand) for LCD_WriteCommand
    ssd2119.o(i.LCD_DrawBMP) refers to ssd2119.o(i.LCD_WriteData) for LCD_WriteData
    ssd2119.o(i.LCD_DrawBMP) refers to ssd2119.o(.constdata) for Color4
    ssd2119.o(i.LCD_DrawCircle) refers to ssd2119.o(i.LCD_DrawPixel) for LCD_DrawPixel
    ssd2119.o(i.LCD_DrawFilledCircle) refers to ssd2119.o(i.LCD_DrawPixel) for LCD_DrawPixel
    ssd2119.o(i.LCD_DrawFilledRect) refers to ssd2119.o(i.LCD_WriteCommand) for LCD_WriteCommand
    ssd2119.o(i.LCD_DrawFilledRect) refers to ssd2119.o(i.LCD_WriteData) for LCD_WriteData
    ssd2119.o(i.LCD_DrawImage) refers to ssd2119.o(i.LCD_WriteCommand) for LCD_WriteCommand
    ssd2119.o(i.LCD_DrawImage) refers to ssd2119.o(i.LCD_WriteData) for LCD_WriteData
    ssd2119.o(i.LCD_DrawLine) refers to ssd2119.o(i.LCD_DrawPixel) for LCD_DrawPixel
    ssd2119.o(i.LCD_DrawPixel) refers to ssd2119.o(i.LCD_WriteCommand) for LCD_WriteCommand
    ssd2119.o(i.LCD_DrawPixel) refers to ssd2119.o(i.LCD_WriteData) for LCD_WriteData
    ssd2119.o(i.LCD_DrawPixelRGB) refers to ssd2119.o(i.convertColor) for convertColor
    ssd2119.o(i.LCD_DrawPixelRGB) refers to ssd2119.o(i.LCD_DrawPixel) for LCD_DrawPixel
    ssd2119.o(i.LCD_DrawRect) refers to ssd2119.o(i.LCD_DrawLine) for LCD_DrawLine
    ssd2119.o(i.LCD_Goto) refers to ssd2119.o(i.LCD_SetCursor) for LCD_SetCursor
    ssd2119.o(i.LCD_Init) refers to ssd2119.o(i.LCD_GPIOInit) for LCD_GPIOInit
    ssd2119.o(i.LCD_Init) refers to ssd2119.o(i.LCD_WriteCommand) for LCD_WriteCommand
    ssd2119.o(i.LCD_Init) refers to ssd2119.o(i.LCD_WriteData) for LCD_WriteData
    ssd2119.o(i.LCD_Init) refers to ssd2119.o(i.LCD_SetCursor) for LCD_SetCursor
    ssd2119.o(i.LCD_Init) refers to ssd2119.o(i.LCD_SetTextColor) for LCD_SetTextColor
    ssd2119.o(i.LCD_PrintBinary) refers to ssd2119.o(i.LCD_PrintString) for LCD_PrintString
    ssd2119.o(i.LCD_PrintBinary) refers to ssd2119.o(i.LCD_PrintChar) for LCD_PrintChar
    ssd2119.o(i.LCD_PrintChar) refers to ssd2119.o(i.LCD_SetCursor) for LCD_SetCursor
    ssd2119.o(i.LCD_PrintChar) refers to ssd2119.o(i.LCD_DrawPixel) for LCD_DrawPixel
    ssd2119.o(i.LCD_PrintChar) refers to ssd2119.o(.data) for cursorY
    ssd2119.o(i.LCD_PrintChar) refers to ssd2119.o(.constdata) for ASCII
    ssd2119.o(i.LCD_PrintFloat) refers to f2d.o(.text) for __aeabi_f2d
    ssd2119.o(i.LCD_PrintFloat) refers to ssd2119.o(i.printf) for printf
    ssd2119.o(i.LCD_PrintFloat) refers to ffixi.o(.text) for __aeabi_f2iz
    ssd2119.o(i.LCD_PrintFloat) refers to ssd2119.o(i.LCD_PrintChar) for LCD_PrintChar
    ssd2119.o(i.LCD_PrintHex) refers to ssd2119.o(i.LCD_PrintString) for LCD_PrintString
    ssd2119.o(i.LCD_PrintHex) refers to ssd2119.o(i.LCD_PrintChar) for LCD_PrintChar
    ssd2119.o(i.LCD_PrintInteger) refers to ssd2119.o(i.LCD_PrintChar) for LCD_PrintChar
    ssd2119.o(i.LCD_PrintString) refers to ssd2119.o(i.LCD_PrintChar) for LCD_PrintChar
    ssd2119.o(i.LCD_SetCursor) refers to ssd2119.o(.data) for cursorX
    ssd2119.o(i.LCD_SetTextColor) refers to ssd2119.o(i.convertColor) for convertColor
    ssd2119.o(i.LCD_SetTextColor) refers to ssd2119.o(.data) for textColor
    ssd2119.o(i.Touch_BeginWaitForTouch) refers to startup.o(.text) for DisableInterrupts
    ssd2119.o(i.Touch_GetCoords) refers to memcpya.o(.text) for __aeabi_memcpy4
    ssd2119.o(i.Touch_GetCoords) refers to ssd2119.o(.constdata) for .constdata
    ssd2119.o(i.Touch_GetCoords) refers to ssd2119.o(.data) for Touch_XVal
    ssd2119.o(i.Touch_Init) refers to ssd2119.o(i.ADC_Init) for ADC_Init
    ssd2119.o(i.Touch_ReadX) refers to ssd2119.o(i.ADC_SetChannel) for ADC_SetChannel
    ssd2119.o(i.Touch_ReadX) refers to ssd2119.o(i.ADC_Read) for ADC_Read
    ssd2119.o(i.Touch_ReadX) refers to ssd2119.o(.data) for Touch_XVal
    ssd2119.o(i.Touch_ReadY) refers to ssd2119.o(i.ADC_SetChannel) for ADC_SetChannel
    ssd2119.o(i.Touch_ReadY) refers to ssd2119.o(i.ADC_Read) for ADC_Read
    ssd2119.o(i.Touch_ReadY) refers to ssd2119.o(.data) for Touch_YVal
    ssd2119.o(i.Touch_ReadZ1) refers to ssd2119.o(i.ADC_SetChannel) for ADC_SetChannel
    ssd2119.o(i.Touch_ReadZ1) refers to ssd2119.o(i.ADC_Read) for ADC_Read
    ssd2119.o(i.Touch_ReadZ2) refers to ssd2119.o(i.ADC_SetChannel) for ADC_SetChannel
    ssd2119.o(i.Touch_ReadZ2) refers to ssd2119.o(i.ADC_Read) for ADC_Read
    ssd2119.o(i.printf) refers to ssd2119.o(i.LCD_PrintInteger) for LCD_PrintInteger
    ssd2119.o(i.printf) refers to ssd2119.o(i.LCD_PrintChar) for LCD_PrintChar
    ssd2119.o(i.printf) refers to ssd2119.o(i.LCD_PrintString) for LCD_PrintString
    ssd2119.o(i.printf) refers to ssd2119.o(i.LCD_PrintFloat) for LCD_PrintFloat
    ssd2119.o(i.printf) refers to ssd2119.o(i.LCD_PrintHex) for LCD_PrintHex
    ssd2119.o(i.printf) refers to ssd2119.o(i.LCD_PrintBinary) for LCD_PrintBinary
    uart.o(i.UART_OutString) refers to uart.o(i.UART_OutChar) for UART_OutChar
    uart.o(i.UART_OutUDec) refers to uart.o(i.UART_OutChar) for UART_OutChar
    calib.o(i.Temperature_Convert) refers to calib.o(.constdata) for ADCdata
    entry.o(.ARM.Collect$$$$00000000) refers (Special) to entry10a.o(.ARM.Collect$$$$0000000D) for __rt_final_cpp
    entry.o(.ARM.Collect$$$$00000000) refers (Special) to entry11a.o(.ARM.Collect$$$$0000000F) for __rt_final_exit
    entry.o(.ARM.Collect$$$$00000000) refers (Special) to entry7b.o(.ARM.Collect$$$$00000008) for _main_clock
    entry.o(.ARM.Collect$$$$00000000) refers (Special) to entry8b.o(.ARM.Collect$$$$0000000A) for _main_cpp_init
    entry.o(.ARM.Collect$$$$00000000) refers (Special) to entry9a.o(.ARM.Collect$$$$0000000B) for _main_init
    entry.o(.ARM.Collect$$$$00000000) refers (Special) to entry5.o(.ARM.Collect$$$$00000004) for _main_scatterload
    entry.o(.ARM.Collect$$$$00000000) refers (Special) to entry2.o(.ARM.Collect$$$$00000001) for _main_stk
    ffixi.o(.text) refers (Special) to iusefp.o(.text) for __I$use$fp
    f2d.o(.text) refers (Special) to iusefp.o(.text) for __I$use$fp
    entry2.o(.ARM.Collect$$$$00000001) refers to entry2.o(.ARM.Collect$$$$00002712) for __lit__00000000
    entry2.o(.ARM.Collect$$$$00002712) refers to startup.o(STACK) for __initial_sp
    entry2.o(__vectab_stack_and_reset_area) refers to startup.o(STACK) for __initial_sp
    entry2.o(__vectab_stack_and_reset_area) refers to entry.o(.ARM.Collect$$$$00000000) for __main
    entry5.o(.ARM.Collect$$$$00000004) refers to init.o(.text) for __scatterload
    entry9a.o(.ARM.Collect$$$$0000000B) refers to adctestmain.o(i.main) for main
    entry9b.o(.ARM.Collect$$$$0000000C) refers to adctestmain.o(i.main) for main
    init.o(.text) refers to entry5.o(.ARM.Collect$$$$00000004) for __main_after_scatterload


==============================================================================

Removing Unused input sections from the image.

    Removing startup.o(HEAP), (0 bytes).
    Removing adct0atrigger.o(i.ADC0_InitTimer0ATriggerSeq3PD3), (300 bytes).
    Removing adct0atrigger.o(i.fifo_CurrentValue), (20 bytes).
    Removing adct0atrigger.o(i.fifo_empty), (28 bytes).
    Removing adctestmain.o(.constdata), (480 bytes).
    Removing ssd2119.o(i.ADC_Init), (156 bytes).
    Removing ssd2119.o(i.ADC_Read), (44 bytes).
    Removing ssd2119.o(i.ADC_SetChannel), (64 bytes).
    Removing ssd2119.o(i.LCD_DrawBMP), (360 bytes).
    Removing ssd2119.o(i.LCD_DrawCircle), (256 bytes).
    Removing ssd2119.o(i.LCD_DrawFilledCircle), (210 bytes).
    Removing ssd2119.o(i.LCD_DrawImage), (228 bytes).
    Removing ssd2119.o(i.LCD_DrawLine), (174 bytes).
    Removing ssd2119.o(i.LCD_DrawPixelRGB), (42 bytes).
    Removing ssd2119.o(i.LCD_DrawRect), (126 bytes).
    Removing ssd2119.o(i.LCD_Goto), (34 bytes).
    Removing ssd2119.o(i.LCD_PrintBinary), (144 bytes).
    Removing ssd2119.o(i.LCD_PrintFloat), (116 bytes).
    Removing ssd2119.o(i.LCD_PrintHex), (112 bytes).
    Removing ssd2119.o(i.Touch_BeginWaitForTouch), (184 bytes).
    Removing ssd2119.o(i.Touch_GetCoords), (92 bytes).
    Removing ssd2119.o(i.Touch_Init), (96 bytes).
    Removing ssd2119.o(i.Touch_ReadX), (300 bytes).
    Removing ssd2119.o(i.Touch_ReadY), (272 bytes).
    Removing ssd2119.o(i.Touch_ReadZ1), (264 bytes).
    Removing ssd2119.o(i.Touch_ReadZ2), (288 bytes).
    Removing ssd2119.o(i.abs), (14 bytes).
    Removing ssd2119.o(i.printf), (212 bytes).
    Removing uart.o(i.UART_InChar), (24 bytes).
    Removing ffixi.o(.text), (50 bytes).
    Removing f2d.o(.text), (38 bytes).

31 unused section(s) (total 4728 bytes) removed from the image.

==============================================================================

Image Symbol Table

    Local Symbols

    Symbol Name                              Value     Ov Type        Size  Object(Section)

    RESET                                    0x00000000   Section      644  startup.o(RESET)
    ../clib/microlib/init/entry.s            0x00000000   Number         0  entry7b.o ABSOLUTE
    ../clib/microlib/init/entry.s            0x00000000   Number         0  entry7a.o ABSOLUTE
    ../clib/microlib/init/entry.s            0x00000000   Number         0  entry5.o ABSOLUTE
    ../clib/microlib/init/entry.s            0x00000000   Number         0  entry2.o ABSOLUTE
    ../clib/microlib/init/entry.s            0x00000000   Number         0  entry10b.o ABSOLUTE
    ../clib/microlib/init/entry.s            0x00000000   Number         0  entry.o ABSOLUTE
    ../clib/microlib/init/entry.s            0x00000000   Number         0  entry11b.o ABSOLUTE
    ../clib/microlib/init/entry.s            0x00000000   Number         0  entry11a.o ABSOLUTE
    ../clib/microlib/init/entry.s            0x00000000   Number         0  entry10a.o ABSOLUTE
    ../clib/microlib/init/entry.s            0x00000000   Number         0  entry9b.o ABSOLUTE
    ../clib/microlib/init/entry.s            0x00000000   Number         0  entry9a.o ABSOLUTE
    ../clib/microlib/init/entry.s            0x00000000   Number         0  entry8b.o ABSOLUTE
    ../clib/microlib/init/entry.s            0x00000000   Number         0  entry8a.o ABSOLUTE
    ../clib/microlib/string/memcpy.c         0x00000000   Number         0  memcpyb.o ABSOLUTE
    ../clib/microlib/string/memcpy.c         0x00000000   Number         0  memcpya.o ABSOLUTE
    ../clib/microlib/stubs.s                 0x00000000   Number         0  iusefp.o ABSOLUTE
    ../fplib/microlib/f2d.c                  0x00000000   Number         0  f2d.o ABSOLUTE
    ../fplib/microlib/fpfix.c                0x00000000   Number         0  ffixi.o ABSOLUTE
    ADCT0ATrigger.c                          0x00000000   Number         0  adct0atrigger.o ABSOLUTE
    ADCTestmain.c                            0x00000000   Number         0  adctestmain.o ABSOLUTE
    PLL.c                                    0x00000000   Number         0  pll.o ABSOLUTE
    SSD2119.c                                0x00000000   Number         0  ssd2119.o ABSOLUTE
    UART.c                                   0x00000000   Number         0  uart.o ABSOLUTE
    calib.c                                  0x00000000   Number         0  calib.o ABSOLUTE
    dc.s                                     0x00000000   Number         0  dc.o ABSOLUTE
    handlers.s                               0x00000000   Number         0  handlers.o ABSOLUTE
    init.s                                   0x00000000   Number         0  init.o ABSOLUTE
    startup.s                                0x00000000   Number         0  startup.o ABSOLUTE
    .ARM.Collect$$$$00000000                 0x00000284   Section        0  entry.o(.ARM.Collect$$$$00000000)
    .ARM.Collect$$$$00000001                 0x00000284   Section        4  entry2.o(.ARM.Collect$$$$00000001)
    .ARM.Collect$$$$00000004                 0x00000288   Section        4  entry5.o(.ARM.Collect$$$$00000004)
    .ARM.Collect$$$$00000008                 0x0000028c   Section        0  entry7b.o(.ARM.Collect$$$$00000008)
    .ARM.Collect$$$$0000000A                 0x0000028c   Section        0  entry8b.o(.ARM.Collect$$$$0000000A)
    .ARM.Collect$$$$0000000B                 0x0000028c   Section        8  entry9a.o(.ARM.Collect$$$$0000000B)
    .ARM.Collect$$$$0000000D                 0x00000294   Section        0  entry10a.o(.ARM.Collect$$$$0000000D)
    .ARM.Collect$$$$0000000F                 0x00000294   Section        0  entry11a.o(.ARM.Collect$$$$0000000F)
    .ARM.Collect$$$$00002712                 0x00000294   Section        4  entry2.o(.ARM.Collect$$$$00002712)
    __lit__00000000                          0x00000294   Data           4  entry2.o(.ARM.Collect$$$$00002712)
    .text                                    0x00000298   Section       28  startup.o(.text)
    .text                                    0x000002b4   Section       36  init.o(.text)
    i.ADC0Seq3_Handler                       0x000002d8   Section        0  adct0atrigger.o(i.ADC0Seq3_Handler)
    i.ADC0_InitTimer0ATriggerSeq3            0x00000300   Section        0  adct0atrigger.o(i.ADC0_InitTimer0ATriggerSeq3)
    i.GPIOPortA_Handler                      0x00000730   Section        0  ssd2119.o(i.GPIOPortA_Handler)
    i.LCD_ColorFill                          0x0000073c   Section        0  ssd2119.o(i.LCD_ColorFill)
    i.LCD_DrawFilledRect                     0x00000752   Section        0  ssd2119.o(i.LCD_DrawFilledRect)
    i.LCD_DrawPixel                          0x000007a4   Section        0  ssd2119.o(i.LCD_DrawPixel)
    i.LCD_GPIOInit                           0x000007d4   Section        0  ssd2119.o(i.LCD_GPIOInit)
    i.LCD_Init                               0x000008b0   Section        0  ssd2119.o(i.LCD_Init)
    i.LCD_PrintChar                          0x00000a54   Section        0  ssd2119.o(i.LCD_PrintChar)
    i.LCD_PrintInteger                       0x00000b14   Section        0  ssd2119.o(i.LCD_PrintInteger)
    i.LCD_PrintString                        0x00000b72   Section        0  ssd2119.o(i.LCD_PrintString)
    i.LCD_SetCursor                          0x00000b8c   Section        0  ssd2119.o(i.LCD_SetCursor)
    i.LCD_SetTextColor                       0x00000ba0   Section        0  ssd2119.o(i.LCD_SetTextColor)
    i.LCD_WriteCommand                       0x00000bbc   Section        0  ssd2119.o(i.LCD_WriteCommand)
    i.LCD_WriteData                          0x00000c24   Section        0  ssd2119.o(i.LCD_WriteData)
    i.PLL_Init                               0x00000c8c   Section        0  pll.o(i.PLL_Init)
    i.Temperature_Convert                    0x00000d08   Section        0  calib.o(i.Temperature_Convert)
    i.UART_Init                              0x00000d74   Section        0  uart.o(i.UART_Init)
    i.UART_OutChar                           0x00000dfc   Section        0  uart.o(i.UART_OutChar)
    i.UART_OutString                         0x00000e14   Section        0  uart.o(i.UART_OutString)
    i.UART_OutUDec                           0x00000e2a   Section        0  uart.o(i.UART_OutUDec)
    i.__scatterload_copy                     0x00000e54   Section       14  handlers.o(i.__scatterload_copy)
    i.__scatterload_null                     0x00000e62   Section        2  handlers.o(i.__scatterload_null)
    i.__scatterload_zeroinit                 0x00000e64   Section       14  handlers.o(i.__scatterload_zeroinit)
    i.convertColor                           0x00000e72   Section        0  ssd2119.o(i.convertColor)
    i.fifo_Get                               0x00000e88   Section        0  adct0atrigger.o(i.fifo_Get)
    i.fifo_full                              0x00000e90   Section        0  adct0atrigger.o(i.fifo_full)
    i.fifo_init                              0x00000eb8   Section        0  adct0atrigger.o(i.fifo_init)
    i.fifo_pop                               0x00000ed4   Section        0  adct0atrigger.o(i.fifo_pop)
    i.fifo_push                              0x00000f14   Section        0  adct0atrigger.o(i.fifo_push)
    i.main                                   0x00000f50   Section        0  adctestmain.o(i.main)
    .constdata                               0x000010bc   Section        4  adct0atrigger.o(.constdata)
    .constdata                               0x000010c0   Section      540  ssd2119.o(.constdata)
    ASCII                                    0x000010c0   Data         480  ssd2119.o(.constdata)
    .constdata                               0x000012dc   Section      318  calib.o(.constdata)
    .data                                    0x20000000   Section       12  adct0atrigger.o(.data)
    .data                                    0x2000000c   Section       12  ssd2119.o(.data)
    .bss                                     0x20000018   Section       44  adct0atrigger.o(.bss)
    STACK                                    0x20000048   Section     1024  startup.o(STACK)
    StackMem                                 0x20000048   Data           0  startup.o(STACK)

    Global Symbols

    Symbol Name                              Value     Ov Type        Size  Object(Section)

    BuildAttributes$$THM_ISAv4$E$P$D$K$B$S$7EM$PE$A:L22UL41UL21$X:L11$S22US41US21$IEEE1$IW$USESV6$~STKCKD$USESV7$~SHL$OSPACE$ROPI$EBA8$MICROLIB$REQ8$PRES8$EABIv2 0x00000000   Number         0  anon$$obj.o ABSOLUTE
    __ARM_use_no_argv                        0x00000000   Number         0  adctestmain.o ABSOLUTE
    __Vectors                                0x00000000   Data           0  startup.o(RESET)
    __cpp_initialize__aeabi_                  - Undefined Weak Reference
    __cxa_finalize                            - Undefined Weak Reference
    __decompress                              - Undefined Weak Reference
    _clock_init                               - Undefined Weak Reference
    _microlib_exit                            - Undefined Weak Reference
    Reset_Handler                            0x0000026d   Thumb Code     0  startup.o(RESET)
    NMI_Handler                              0x00000271   Thumb Code     2  startup.o(RESET)
    HardFault_Handler                        0x00000273   Thumb Code     2  startup.o(RESET)
    MemManage_Handler                        0x00000275   Thumb Code     2  startup.o(RESET)
    BusFault_Handler                         0x00000277   Thumb Code     2  startup.o(RESET)
    UsageFault_Handler                       0x00000279   Thumb Code     2  startup.o(RESET)
    SVC_Handler                              0x0000027b   Thumb Code     2  startup.o(RESET)
    DebugMon_Handler                         0x0000027d   Thumb Code     2  startup.o(RESET)
    PendSV_Handler                           0x0000027f   Thumb Code     2  startup.o(RESET)
    SysTick_Handler                          0x00000281   Thumb Code     2  startup.o(RESET)
    ADC0Seq0_Handler                         0x00000283   Thumb Code     0  startup.o(RESET)
    ADC0Seq1_Handler                         0x00000283   Thumb Code     0  startup.o(RESET)
    ADC0Seq2_Handler                         0x00000283   Thumb Code     0  startup.o(RESET)
    ADC1Seq0_Handler                         0x00000283   Thumb Code     0  startup.o(RESET)
    ADC1Seq1_Handler                         0x00000283   Thumb Code     0  startup.o(RESET)
    ADC1Seq2_Handler                         0x00000283   Thumb Code     0  startup.o(RESET)
    ADC1Seq3_Handler                         0x00000283   Thumb Code     0  startup.o(RESET)
    CAN0_Handler                             0x00000283   Thumb Code     0  startup.o(RESET)
    CAN1_Handler                             0x00000283   Thumb Code     0  startup.o(RESET)
    CAN2_Handler                             0x00000283   Thumb Code     0  startup.o(RESET)
    Comp0_Handler                            0x00000283   Thumb Code     0  startup.o(RESET)
    Comp1_Handler                            0x00000283   Thumb Code     0  startup.o(RESET)
    Comp2_Handler                            0x00000283   Thumb Code     0  startup.o(RESET)
    Ethernet_Handler                         0x00000283   Thumb Code     0  startup.o(RESET)
    ExtBus_Handler                           0x00000283   Thumb Code     0  startup.o(RESET)
    FPU_Handler                              0x00000283   Thumb Code     0  startup.o(RESET)
    Fan0_Handler                             0x00000283   Thumb Code     0  startup.o(RESET)
    FlashCtl_Handler                         0x00000283   Thumb Code     0  startup.o(RESET)
    GPIOPortB_Handler                        0x00000283   Thumb Code     0  startup.o(RESET)
    GPIOPortC_Handler                        0x00000283   Thumb Code     0  startup.o(RESET)
    GPIOPortD_Handler                        0x00000283   Thumb Code     0  startup.o(RESET)
    GPIOPortE_Handler                        0x00000283   Thumb Code     0  startup.o(RESET)
    GPIOPortF_Handler                        0x00000283   Thumb Code     0  startup.o(RESET)
    GPIOPortG_Handler                        0x00000283   Thumb Code     0  startup.o(RESET)
    GPIOPortH_Handler                        0x00000283   Thumb Code     0  startup.o(RESET)
    GPIOPortJ_Handler                        0x00000283   Thumb Code     0  startup.o(RESET)
    GPIOPortK_Handler                        0x00000283   Thumb Code     0  startup.o(RESET)
    GPIOPortL_Handler                        0x00000283   Thumb Code     0  startup.o(RESET)
    GPIOPortM_Handler                        0x00000283   Thumb Code     0  startup.o(RESET)
    GPIOPortN_Handler                        0x00000283   Thumb Code     0  startup.o(RESET)
    GPIOPortP1_Handler                       0x00000283   Thumb Code     0  startup.o(RESET)
    GPIOPortP2_Handler                       0x00000283   Thumb Code     0  startup.o(RESET)
    GPIOPortP3_Handler                       0x00000283   Thumb Code     0  startup.o(RESET)
    GPIOPortP4_Handler                       0x00000283   Thumb Code     0  startup.o(RESET)
    GPIOPortP5_Handler                       0x00000283   Thumb Code     0  startup.o(RESET)
    GPIOPortP6_Handler                       0x00000283   Thumb Code     0  startup.o(RESET)
    GPIOPortP7_Handler                       0x00000283   Thumb Code     0  startup.o(RESET)
    GPIOPortP_Handler                        0x00000283   Thumb Code     0  startup.o(RESET)
    GPIOPortQ1_Handler                       0x00000283   Thumb Code     0  startup.o(RESET)
    GPIOPortQ2_Handler                       0x00000283   Thumb Code     0  startup.o(RESET)
    GPIOPortQ3_Handler                       0x00000283   Thumb Code     0  startup.o(RESET)
    GPIOPortQ4_Handler                       0x00000283   Thumb Code     0  startup.o(RESET)
    GPIOPortQ5_Handler                       0x00000283   Thumb Code     0  startup.o(RESET)
    GPIOPortQ6_Handler                       0x00000283   Thumb Code     0  startup.o(RESET)
    GPIOPortQ7_Handler                       0x00000283   Thumb Code     0  startup.o(RESET)
    GPIOPortQ_Handler                        0x00000283   Thumb Code     0  startup.o(RESET)
    GPIOPortR_Handler                        0x00000283   Thumb Code     0  startup.o(RESET)
    GPIOPortS_Handler                        0x00000283   Thumb Code     0  startup.o(RESET)
    Hibernate_Handler                        0x00000283   Thumb Code     0  startup.o(RESET)
    I2C0_Handler                             0x00000283   Thumb Code     0  startup.o(RESET)
    I2C1_Handler                             0x00000283   Thumb Code     0  startup.o(RESET)
    I2C2_Handler                             0x00000283   Thumb Code     0  startup.o(RESET)
    I2C3_Handler                             0x00000283   Thumb Code     0  startup.o(RESET)
    I2C4_Handler                             0x00000283   Thumb Code     0  startup.o(RESET)
    I2C5_Handler                             0x00000283   Thumb Code     0  startup.o(RESET)
    I2S0_Handler                             0x00000283   Thumb Code     0  startup.o(RESET)
    LPC0_Handler                             0x00000283   Thumb Code     0  startup.o(RESET)
    PECI0_Handler                            0x00000283   Thumb Code     0  startup.o(RESET)
    PWM0Fault_Handler                        0x00000283   Thumb Code     0  startup.o(RESET)
    PWM0Generator0_Handler                   0x00000283   Thumb Code     0  startup.o(RESET)
    PWM0Generator1_Handler                   0x00000283   Thumb Code     0  startup.o(RESET)
    PWM0Generator2_Handler                   0x00000283   Thumb Code     0  startup.o(RESET)
    PWM0Generator3_Handler                   0x00000283   Thumb Code     0  startup.o(RESET)
    PWM1Fault_Handler                        0x00000283   Thumb Code     0  startup.o(RESET)
    PWM1Generator0_Handler                   0x00000283   Thumb Code     0  startup.o(RESET)
    PWM1Generator1_Handler                   0x00000283   Thumb Code     0  startup.o(RESET)
    PWM1Generator2_Handler                   0x00000283   Thumb Code     0  startup.o(RESET)
    PWM1Generator3_Handler                   0x00000283   Thumb Code     0  startup.o(RESET)
    Quadrature0_Handler                      0x00000283   Thumb Code     0  startup.o(RESET)
    Quadrature1_Handler                      0x00000283   Thumb Code     0  startup.o(RESET)
    Quadrature2_Handler                      0x00000283   Thumb Code     0  startup.o(RESET)
    SSI0_Handler                             0x00000283   Thumb Code     0  startup.o(RESET)
    SSI1_Handler                             0x00000283   Thumb Code     0  startup.o(RESET)
    SSI2_Handler                             0x00000283   Thumb Code     0  startup.o(RESET)
    SSI3_Handler                             0x00000283   Thumb Code     0  startup.o(RESET)
    SysCtl_Handler                           0x00000283   Thumb Code     0  startup.o(RESET)
    Timer0A_Handler                          0x00000283   Thumb Code     0  startup.o(RESET)
    Timer0B_Handler                          0x00000283   Thumb Code     0  startup.o(RESET)
    Timer1A_Handler                          0x00000283   Thumb Code     0  startup.o(RESET)
    Timer1B_Handler                          0x00000283   Thumb Code     0  startup.o(RESET)
    Timer2A_Handler                          0x00000283   Thumb Code     0  startup.o(RESET)
    Timer2B_Handler                          0x00000283   Thumb Code     0  startup.o(RESET)
    Timer3A_Handler                          0x00000283   Thumb Code     0  startup.o(RESET)
    Timer3B_Handler                          0x00000283   Thumb Code     0  startup.o(RESET)
    Timer4A_Handler                          0x00000283   Thumb Code     0  startup.o(RESET)
    Timer4B_Handler                          0x00000283   Thumb Code     0  startup.o(RESET)
    Timer5A_Handler                          0x00000283   Thumb Code     0  startup.o(RESET)
    Timer5B_Handler                          0x00000283   Thumb Code     0  startup.o(RESET)
    UART0_Handler                            0x00000283   Thumb Code     0  startup.o(RESET)
    UART1_Handler                            0x00000283   Thumb Code     0  startup.o(RESET)
    UART2_Handler                            0x00000283   Thumb Code     0  startup.o(RESET)
    UART3_Handler                            0x00000283   Thumb Code     0  startup.o(RESET)
    UART4_Handler                            0x00000283   Thumb Code     0  startup.o(RESET)
    UART5_Handler                            0x00000283   Thumb Code     0  startup.o(RESET)
    UART6_Handler                            0x00000283   Thumb Code     0  startup.o(RESET)
    UART7_Handler                            0x00000283   Thumb Code     0  startup.o(RESET)
    USB0_Handler                             0x00000283   Thumb Code     0  startup.o(RESET)
    WDT_Handler                              0x00000283   Thumb Code     0  startup.o(RESET)
    WideTimer0A_Handler                      0x00000283   Thumb Code     0  startup.o(RESET)
    WideTimer0B_Handler                      0x00000283   Thumb Code     0  startup.o(RESET)
    WideTimer1A_Handler                      0x00000283   Thumb Code     0  startup.o(RESET)
    WideTimer1B_Handler                      0x00000283   Thumb Code     0  startup.o(RESET)
    WideTimer2A_Handler                      0x00000283   Thumb Code     0  startup.o(RESET)
    WideTimer2B_Handler                      0x00000283   Thumb Code     0  startup.o(RESET)
    WideTimer3A_Handler                      0x00000283   Thumb Code     0  startup.o(RESET)
    WideTimer3B_Handler                      0x00000283   Thumb Code     0  startup.o(RESET)
    WideTimer4A_Handler                      0x00000283   Thumb Code     0  startup.o(RESET)
    WideTimer4B_Handler                      0x00000283   Thumb Code     0  startup.o(RESET)
    WideTimer5A_Handler                      0x00000283   Thumb Code     0  startup.o(RESET)
    WideTimer5B_Handler                      0x00000283   Thumb Code     0  startup.o(RESET)
    uDMA_Error                               0x00000283   Thumb Code     0  startup.o(RESET)
    uDMA_Handler                             0x00000283   Thumb Code     0  startup.o(RESET)
    __main                                   0x00000285   Thumb Code     0  entry.o(.ARM.Collect$$$$00000000)
    _main_stk                                0x00000285   Thumb Code     0  entry2.o(.ARM.Collect$$$$00000001)
    _main_scatterload                        0x00000289   Thumb Code     0  entry5.o(.ARM.Collect$$$$00000004)
    __main_after_scatterload                 0x0000028d   Thumb Code     0  entry5.o(.ARM.Collect$$$$00000004)
    _main_clock                              0x0000028d   Thumb Code     0  entry7b.o(.ARM.Collect$$$$00000008)
    _main_cpp_init                           0x0000028d   Thumb Code     0  entry8b.o(.ARM.Collect$$$$0000000A)
    _main_init                               0x0000028d   Thumb Code     0  entry9a.o(.ARM.Collect$$$$0000000B)
    __rt_final_cpp                           0x00000295   Thumb Code     0  entry10a.o(.ARM.Collect$$$$0000000D)
    __rt_final_exit                          0x00000295   Thumb Code     0  entry11a.o(.ARM.Collect$$$$0000000F)
    DisableInterrupts                        0x00000299   Thumb Code     0  startup.o(.text)
    EnableInterrupts                         0x0000029d   Thumb Code     0  startup.o(.text)
    StartCritical                            0x000002a1   Thumb Code     0  startup.o(.text)
    EndCritical                              0x000002a9   Thumb Code     0  startup.o(.text)
    WaitForInterrupt                         0x000002af   Thumb Code     0  startup.o(.text)
    __scatterload                            0x000002b5   Thumb Code    28  init.o(.text)
    __scatterload_rt2                        0x000002b5   Thumb Code     0  init.o(.text)
    ADC0Seq3_Handler                         0x000002d9   Thumb Code    26  adct0atrigger.o(i.ADC0Seq3_Handler)
    ADC0_InitTimer0ATriggerSeq3              0x00000301   Thumb Code  1020  adct0atrigger.o(i.ADC0_InitTimer0ATriggerSeq3)
    GPIOPortA_Handler                        0x00000731   Thumb Code     8  ssd2119.o(i.GPIOPortA_Handler)
    LCD_ColorFill                            0x0000073d   Thumb Code    22  ssd2119.o(i.LCD_ColorFill)
    LCD_DrawFilledRect                       0x00000753   Thumb Code    82  ssd2119.o(i.LCD_DrawFilledRect)
    LCD_DrawPixel                            0x000007a5   Thumb Code    46  ssd2119.o(i.LCD_DrawPixel)
    LCD_GPIOInit                             0x000007d5   Thumb Code   170  ssd2119.o(i.LCD_GPIOInit)
    LCD_Init                                 0x000008b1   Thumb Code   416  ssd2119.o(i.LCD_Init)
    LCD_PrintChar                            0x00000a55   Thumb Code   176  ssd2119.o(i.LCD_PrintChar)
    LCD_PrintInteger                         0x00000b15   Thumb Code    94  ssd2119.o(i.LCD_PrintInteger)
    LCD_PrintString                          0x00000b73   Thumb Code    26  ssd2119.o(i.LCD_PrintString)
    LCD_SetCursor                            0x00000b8d   Thumb Code    10  ssd2119.o(i.LCD_SetCursor)
    LCD_SetTextColor                         0x00000ba1   Thumb Code    24  ssd2119.o(i.LCD_SetTextColor)
    LCD_WriteCommand                         0x00000bbd   Thumb Code    92  ssd2119.o(i.LCD_WriteCommand)
    LCD_WriteData                            0x00000c25   Thumb Code    92  ssd2119.o(i.LCD_WriteData)
    PLL_Init                                 0x00000c8d   Thumb Code   118  pll.o(i.PLL_Init)
    Temperature_Convert                      0x00000d09   Thumb Code   100  calib.o(i.Temperature_Convert)
    UART_Init                                0x00000d75   Thumb Code   118  uart.o(i.UART_Init)
    UART_OutChar                             0x00000dfd   Thumb Code    18  uart.o(i.UART_OutChar)
    UART_OutString                           0x00000e15   Thumb Code    22  uart.o(i.UART_OutString)
    UART_OutUDec                             0x00000e2b   Thumb Code    42  uart.o(i.UART_OutUDec)
    __scatterload_copy                       0x00000e55   Thumb Code    14  handlers.o(i.__scatterload_copy)
    __scatterload_null                       0x00000e63   Thumb Code     2  handlers.o(i.__scatterload_null)
    __scatterload_zeroinit                   0x00000e65   Thumb Code    14  handlers.o(i.__scatterload_zeroinit)
    convertColor                             0x00000e73   Thumb Code    20  ssd2119.o(i.convertColor)
    fifo_Get                                 0x00000e89   Thumb Code     4  adct0atrigger.o(i.fifo_Get)
    fifo_full                                0x00000e91   Thumb Code    32  adct0atrigger.o(i.fifo_full)
    fifo_init                                0x00000eb9   Thumb Code    22  adct0atrigger.o(i.fifo_init)
    fifo_pop                                 0x00000ed5   Thumb Code    52  adct0atrigger.o(i.fifo_pop)
    fifo_push                                0x00000f15   Thumb Code    46  adct0atrigger.o(i.fifo_push)
    main                                     0x00000f51   Thumb Code   318  adctestmain.o(i.main)
    size                                     0x000010bc   Data           4  adct0atrigger.o(.constdata)
    Color4                                   0x000012a0   Data          32  ssd2119.o(.constdata)
    ADCdata                                  0x000012dc   Data         106  calib.o(.constdata)
    Tdata                                    0x00001346   Data         106  calib.o(.constdata)
    Rdata                                    0x000013b0   Data         106  calib.o(.constdata)
    Region$$Table$$Base                      0x0000141c   Number         0  anon$$obj.o(Region$$Table)
    Region$$Table$$Limit                     0x0000143c   Number         0  anon$$obj.o(Region$$Table)
    fifoStart                                0x20000000   Data           4  adct0atrigger.o(.data)
    fifoEnd                                  0x20000004   Data           4  adct0atrigger.o(.data)
    ADCvalue                                 0x20000008   Data           4  adct0atrigger.o(.data)
    Touch_WaitForInput                       0x2000000c   Data           1  ssd2119.o(.data)
    cursorX                                  0x2000000e   Data           2  ssd2119.o(.data)
    cursorY                                  0x20000010   Data           2  ssd2119.o(.data)
    textColor                                0x20000012   Data           2  ssd2119.o(.data)
    Touch_XVal                               0x20000014   Data           2  ssd2119.o(.data)
    Touch_YVal                               0x20000016   Data           2  ssd2119.o(.data)
    fifo                                     0x20000018   Data          44  adct0atrigger.o(.bss)
    __initial_sp                             0x20000448   Data           0  startup.o(STACK)



==============================================================================

Memory Map of the image

  Image Entry point : 0x0000026d

  Load Region LR_1 (Base: 0x00000000, Size: 0x00001454, Max: 0xffffffff, ABSOLUTE)

    Execution Region ER_RO (Base: 0x00000000, Size: 0x0000143c, Max: 0xffffffff, ABSOLUTE)

    Base Addr    Size         Type   Attr      Idx    E Section Name        Object

    0x00000000   0x00000284   Code   RO            3  * RESET               startup.o
    0x00000284   0x00000000   Code   RO          412  * .ARM.Collect$$$$00000000  mc_w.l(entry.o)
    0x00000284   0x00000004   Code   RO          423    .ARM.Collect$$$$00000001  mc_w.l(entry2.o)
    0x00000288   0x00000004   Code   RO          426    .ARM.Collect$$$$00000004  mc_w.l(entry5.o)
    0x0000028c   0x00000000   Code   RO          428    .ARM.Collect$$$$00000008  mc_w.l(entry7b.o)
    0x0000028c   0x00000000   Code   RO          430    .ARM.Collect$$$$0000000A  mc_w.l(entry8b.o)
    0x0000028c   0x00000008   Code   RO          431    .ARM.Collect$$$$0000000B  mc_w.l(entry9a.o)
    0x00000294   0x00000000   Code   RO          433    .ARM.Collect$$$$0000000D  mc_w.l(entry10a.o)
    0x00000294   0x00000000   Code   RO          435    .ARM.Collect$$$$0000000F  mc_w.l(entry11a.o)
    0x00000294   0x00000004   Code   RO          424    .ARM.Collect$$$$00002712  mc_w.l(entry2.o)
    0x00000298   0x0000001c   Code   RO            4    .text               startup.o
    0x000002b4   0x00000024   Code   RO          438    .text               mc_w.l(init.o)
    0x000002d8   0x00000028   Code   RO           12    i.ADC0Seq3_Handler  adct0atrigger.o
    0x00000300   0x00000430   Code   RO           13    i.ADC0_InitTimer0ATriggerSeq3  adct0atrigger.o
    0x00000730   0x0000000c   Code   RO          132    i.GPIOPortA_Handler  ssd2119.o
    0x0000073c   0x00000016   Code   RO          133    i.LCD_ColorFill     ssd2119.o
    0x00000752   0x00000052   Code   RO          137    i.LCD_DrawFilledRect  ssd2119.o
    0x000007a4   0x0000002e   Code   RO          140    i.LCD_DrawPixel     ssd2119.o
    0x000007d2   0x00000002   PAD
    0x000007d4   0x000000dc   Code   RO          143    i.LCD_GPIOInit      ssd2119.o
    0x000008b0   0x000001a4   Code   RO          145    i.LCD_Init          ssd2119.o
    0x00000a54   0x000000c0   Code   RO          147    i.LCD_PrintChar     ssd2119.o
    0x00000b14   0x0000005e   Code   RO          150    i.LCD_PrintInteger  ssd2119.o
    0x00000b72   0x0000001a   Code   RO          151    i.LCD_PrintString   ssd2119.o
    0x00000b8c   0x00000014   Code   RO          152    i.LCD_SetCursor     ssd2119.o
    0x00000ba0   0x0000001c   Code   RO          153    i.LCD_SetTextColor  ssd2119.o
    0x00000bbc   0x00000068   Code   RO          154    i.LCD_WriteCommand  ssd2119.o
    0x00000c24   0x00000068   Code   RO          155    i.LCD_WriteData     ssd2119.o
    0x00000c8c   0x0000007c   Code   RO          117    i.PLL_Init          pll.o
    0x00000d08   0x0000006c   Code   RO          397    i.Temperature_Convert  calib.o
    0x00000d74   0x00000088   Code   RO          362    i.UART_Init         uart.o
    0x00000dfc   0x00000018   Code   RO          363    i.UART_OutChar      uart.o
    0x00000e14   0x00000016   Code   RO          364    i.UART_OutString    uart.o
    0x00000e2a   0x0000002a   Code   RO          365    i.UART_OutUDec      uart.o
    0x00000e54   0x0000000e   Code   RO          442    i.__scatterload_copy  mc_w.l(handlers.o)
    0x00000e62   0x00000002   Code   RO          443    i.__scatterload_null  mc_w.l(handlers.o)
    0x00000e64   0x0000000e   Code   RO          444    i.__scatterload_zeroinit  mc_w.l(handlers.o)
    0x00000e72   0x00000014   Code   RO          164    i.convertColor      ssd2119.o
    0x00000e86   0x00000002   PAD
    0x00000e88   0x00000008   Code   RO           16    i.fifo_Get          adct0atrigger.o
    0x00000e90   0x00000028   Code   RO           18    i.fifo_full         adct0atrigger.o
    0x00000eb8   0x0000001c   Code   RO           19    i.fifo_init         adct0atrigger.o
    0x00000ed4   0x00000040   Code   RO           20    i.fifo_pop          adct0atrigger.o
    0x00000f14   0x0000003c   Code   RO           21    i.fifo_push         adct0atrigger.o
    0x00000f50   0x0000016c   Code   RO           90    i.main              adctestmain.o
    0x000010bc   0x00000004   Data   RO           23    .constdata          adct0atrigger.o
    0x000010c0   0x0000021c   Data   RO          166    .constdata          ssd2119.o
    0x000012dc   0x0000013e   Data   RO          398    .constdata          calib.o
    0x0000141a   0x00000002   PAD
    0x0000141c   0x00000020   Data   RO          440    Region$$Table       anon$$obj.o


    Execution Region ER_RW (Base: 0x20000000, Size: 0x00000018, Max: 0xffffffff, ABSOLUTE)

    Base Addr    Size         Type   Attr      Idx    E Section Name        Object

    0x20000000   0x0000000c   Data   RW           24    .data               adct0atrigger.o
    0x2000000c   0x0000000c   Data   RW          167    .data               ssd2119.o


    Execution Region ER_ZI (Base: 0x20000018, Size: 0x00000430, Max: 0xffffffff, ABSOLUTE)

    Base Addr    Size         Type   Attr      Idx    E Section Name        Object

    0x20000018   0x0000002c   Zero   RW           22    .bss                adct0atrigger.o
    0x20000044   0x00000004   PAD
    0x20000048   0x00000400   Zero   RW            1    STACK               startup.o


==============================================================================

Image component sizes


      Code (inc. data)   RO Data    RW Data    ZI Data      Debug   Object Name

      1312        134          4         12         44       9198   adct0atrigger.o
       364         46          0          0          0       1095   adctestmain.o
       108          8        318          0          0       1108   calib.o
       124          6          0          0          0        415   pll.o
      1390        112        540         12          0      10585   ssd2119.o
       672        622          0          0       1024        892   startup.o
       224         24          0          0          0       1639   uart.o

    ----------------------------------------------------------------------
      4198        952        896         24       1072      24932   Object Totals
         0          0         32          0          0          0   (incl. Generated)
         4          0          2          0          4          0   (incl. Padding)

    ----------------------------------------------------------------------

      Code (inc. data)   RO Data    RW Data    ZI Data      Debug   Library Member Name

         0          0          0          0          0          0   entry.o
         0          0          0          0          0          0   entry10a.o
         0          0          0          0          0          0   entry11a.o
         8          4          0          0          0          0   entry2.o
         4          0          0          0          0          0   entry5.o
         0          0          0          0          0          0   entry7b.o
         0          0          0          0          0          0   entry8b.o
         8          4          0          0          0          0   entry9a.o
        30          0          0          0          0          0   handlers.o
        36          8          0          0          0         68   init.o

    ----------------------------------------------------------------------
        86         16          0          0          0         68   Library Totals
         0          0          0          0          0          0   (incl. Padding)

    ----------------------------------------------------------------------

      Code (inc. data)   RO Data    RW Data    ZI Data      Debug   Library Name

        86         16          0          0          0         68   mc_w.l

    ----------------------------------------------------------------------
        86         16          0          0          0         68   Library Totals

    ----------------------------------------------------------------------

==============================================================================


      Code (inc. data)   RO Data    RW Data    ZI Data      Debug   

      4284        968        896         24       1072      23700   Grand Totals
      4284        968        896         24       1072      23700   ELF Image Totals
      4284        968        896         24          0          0   ROM Totals

==============================================================================

    Total RO  Size (Code + RO Data)                 5180 (   5.06kB)
    Total RW  Size (RW Data + ZI Data)              1096 (   1.07kB)
    Total ROM Size (Code + RO Data + RW Data)       5204 (   5.08kB)

==============================================================================

