<html>
<body>
<pre>
<h1>µVision Build Log</h1>
<h2>Project:</h2>
C:\Users\Dhruv Sandesara\Desktop\Kentec_4C123\LCDTest.uvproj
Project File Date:  03/31/2018

<h2>Output:</h2>
Rebuild target 'LCDTest'
assembling startup.s...
compiling PLL.c...
compiling SSD2119.c...
assembling random.s...
compiling LCDTestMain.c...
linking...
Program Size: Code=4320 RO-data=880 RW-data=44 ZI-data=1028  
".\LCDTest.axf" - 0 Error(s), 0 Warning(s).
Load "C:\\Users\\Dhruv Sandesara\\Desktop\\Kentec_4C123\\LCDTest.axf" 
Connecting: Mode=JTAG, Speed=1000000Hz
Connection failed!, error code=&d
Error: Flash Download failed  -  Target DLL has been cancelled
Load "C:\\Users\\Dhruv Sandesara\\Desktop\\Kentec_4C123\\LCDTest.axf" 
Connecting: Mode=JTAG, Speed=1000000Hz
Erase Done.
Programming Done.
Verify OK.
</pre>
</body>
</html>
